Archive member included because of file (symbol)

c:/ostrannastudio/tools/gcc/bin/../lib/gcc/arm-none-eabi/4.8.3/../../../../arm-none-eabi/lib/armv7-m\libg.a(lib_a-memset.o)
                              ./kl_lib/clocking_L1xx.o (memset)
c:/ostrannastudio/tools/gcc/bin/../lib/gcc/arm-none-eabi/4.8.3/../../../../arm-none-eabi/lib/armv7-m\libg.a(lib_a-strcasecmp.o)
                              ./main.o (strcasecmp)
c:/ostrannastudio/tools/gcc/bin/../lib/gcc/arm-none-eabi/4.8.3/../../../../arm-none-eabi/lib/armv7-m\libg.a(lib_a-strtok.o)
                              ./kl_lib/uart.o (strtok)
c:/ostrannastudio/tools/gcc/bin/../lib/gcc/arm-none-eabi/4.8.3/../../../../arm-none-eabi/lib/armv7-m\libg.a(lib_a-strtok_r.o)
                              c:/ostrannastudio/tools/gcc/bin/../lib/gcc/arm-none-eabi/4.8.3/../../../../arm-none-eabi/lib/armv7-m\libg.a(lib_a-strtok.o) (__strtok_r)
c:/ostrannastudio/tools/gcc/bin/../lib/gcc/arm-none-eabi/4.8.3/../../../../arm-none-eabi/lib/armv7-m\libg.a(lib_a-strtol.o)
                              ./main.o (strtol)
c:/ostrannastudio/tools/gcc/bin/../lib/gcc/arm-none-eabi/4.8.3/../../../../arm-none-eabi/lib/armv7-m\libg.a(lib_a-ctype_.o)
                              c:/ostrannastudio/tools/gcc/bin/../lib/gcc/arm-none-eabi/4.8.3/../../../../arm-none-eabi/lib/armv7-m\libg.a(lib_a-strcasecmp.o) (__ctype_ptr__)
c:/ostrannastudio/tools/gcc/bin/../lib/gcc/arm-none-eabi/4.8.3/../../../../arm-none-eabi/lib/armv7-m\libg.a(lib_a-impure.o)
                              c:/ostrannastudio/tools/gcc/bin/../lib/gcc/arm-none-eabi/4.8.3/../../../../arm-none-eabi/lib/armv7-m\libg.a(lib_a-strtok.o) (_impure_ptr)

Allocating common symbols
Common symbol       size              file

dbg_panic_msg       0x4               ./os/kernel/src/chdebug.o
vtlist              0x10              ./os/kernel/src/chvt.o
rlist               0x1c              ./os/kernel/src/chschd.o
_idle_thread_wa     0xa0              ./os/kernel/src/chsys.o

Discarded input sections

 .text          0x00000000        0x0 ./os/kernel/src/chcond.o
 .data          0x00000000        0x0 ./os/kernel/src/chcond.o
 .bss           0x00000000        0x0 ./os/kernel/src/chcond.o
 .debug_info    0x00000000       0x79 ./os/kernel/src/chcond.o
 .debug_abbrev  0x00000000       0x26 ./os/kernel/src/chcond.o
 .debug_aranges
                0x00000000       0x18 ./os/kernel/src/chcond.o
 .debug_line    0x00000000       0x1d ./os/kernel/src/chcond.o
 .debug_str     0x00000000      0x17b ./os/kernel/src/chcond.o
 .comment       0x00000000       0x71 ./os/kernel/src/chcond.o
 .ARM.attributes
                0x00000000       0x33 ./os/kernel/src/chcond.o
 .text          0x00000000        0x0 ./os/kernel/src/chdebug.o
 .data          0x00000000        0x0 ./os/kernel/src/chdebug.o
 .bss           0x00000000        0x0 ./os/kernel/src/chdebug.o
 .debug_info    0x00000000       0x96 ./os/kernel/src/chdebug.o
 .debug_abbrev  0x00000000       0x47 ./os/kernel/src/chdebug.o
 .debug_aranges
                0x00000000       0x18 ./os/kernel/src/chdebug.o
 .debug_line    0x00000000       0x3b ./os/kernel/src/chdebug.o
 .debug_str     0x00000000      0x18a ./os/kernel/src/chdebug.o
 .comment       0x00000000       0x71 ./os/kernel/src/chdebug.o
 .ARM.attributes
                0x00000000       0x33 ./os/kernel/src/chdebug.o
 COMMON         0x00000000        0x4 ./os/kernel/src/chdebug.o
 .text          0x00000000        0x0 ./os/kernel/src/chdynamic.o
 .data          0x00000000        0x0 ./os/kernel/src/chdynamic.o
 .bss           0x00000000        0x0 ./os/kernel/src/chdynamic.o
 .debug_info    0x00000000       0x79 ./os/kernel/src/chdynamic.o
 .debug_abbrev  0x00000000       0x26 ./os/kernel/src/chdynamic.o
 .debug_aranges
                0x00000000       0x18 ./os/kernel/src/chdynamic.o
 .debug_line    0x00000000       0x1d ./os/kernel/src/chdynamic.o
 .debug_str     0x00000000      0x17e ./os/kernel/src/chdynamic.o
 .comment       0x00000000       0x71 ./os/kernel/src/chdynamic.o
 .ARM.attributes
                0x00000000       0x33 ./os/kernel/src/chdynamic.o
 .text          0x00000000        0x0 ./os/kernel/src/chevents.o
 .data          0x00000000        0x0 ./os/kernel/src/chevents.o
 .bss           0x00000000        0x0 ./os/kernel/src/chevents.o
 .text.chEvtRegisterMask
                0x00000000       0x38 ./os/kernel/src/chevents.o
 .text.chEvtUnregister
                0x00000000       0x38 ./os/kernel/src/chevents.o
 .text.chEvtGetAndClearEvents
                0x00000000       0x20 ./os/kernel/src/chevents.o
 .text.chEvtAddEvents
                0x00000000       0x1c ./os/kernel/src/chevents.o
 .text.chEvtGetAndClearFlags
                0x00000000       0x14 ./os/kernel/src/chevents.o
 .text.chEvtBroadcastFlagsI
                0x00000000       0x2c ./os/kernel/src/chevents.o
 .text.chEvtSignal
                0x00000000       0x2c ./os/kernel/src/chevents.o
 .text.chEvtBroadcastFlags
                0x00000000       0x18 ./os/kernel/src/chevents.o
 .text.chEvtGetAndClearFlagsI
                0x00000000        0xa ./os/kernel/src/chevents.o
 .text.chEvtDispatch
                0x00000000       0x48 ./os/kernel/src/chevents.o
 .text.chEvtWaitOne
                0x00000000       0x38 ./os/kernel/src/chevents.o
 .text.chEvtWaitAll
                0x00000000       0x34 ./os/kernel/src/chevents.o
 .text          0x00000000        0x0 ./os/kernel/src/chheap.o
 .data          0x00000000        0x0 ./os/kernel/src/chheap.o
 .bss           0x00000000        0x0 ./os/kernel/src/chheap.o
 .debug_info    0x00000000       0x79 ./os/kernel/src/chheap.o
 .debug_abbrev  0x00000000       0x26 ./os/kernel/src/chheap.o
 .debug_aranges
                0x00000000       0x18 ./os/kernel/src/chheap.o
 .debug_line    0x00000000       0x1d ./os/kernel/src/chheap.o
 .debug_str     0x00000000      0x17b ./os/kernel/src/chheap.o
 .comment       0x00000000       0x71 ./os/kernel/src/chheap.o
 .ARM.attributes
                0x00000000       0x33 ./os/kernel/src/chheap.o
 .text          0x00000000        0x0 ./os/kernel/src/chlists.o
 .data          0x00000000        0x0 ./os/kernel/src/chlists.o
 .bss           0x00000000        0x0 ./os/kernel/src/chlists.o
 .debug_info    0x00000000       0x79 ./os/kernel/src/chlists.o
 .debug_abbrev  0x00000000       0x26 ./os/kernel/src/chlists.o
 .debug_aranges
                0x00000000       0x18 ./os/kernel/src/chlists.o
 .debug_line    0x00000000       0x1d ./os/kernel/src/chlists.o
 .debug_str     0x00000000      0x17c ./os/kernel/src/chlists.o
 .comment       0x00000000       0x71 ./os/kernel/src/chlists.o
 .ARM.attributes
                0x00000000       0x33 ./os/kernel/src/chlists.o
 .text          0x00000000        0x0 ./os/kernel/src/chmboxes.o
 .data          0x00000000        0x0 ./os/kernel/src/chmboxes.o
 .bss           0x00000000        0x0 ./os/kernel/src/chmboxes.o
 .text.chMBInit
                0x00000000       0x40 ./os/kernel/src/chmboxes.o
 .text.chMBReset
                0x00000000       0x40 ./os/kernel/src/chmboxes.o
 .text.chMBPostS
                0x00000000       0x44 ./os/kernel/src/chmboxes.o
 .text.chMBPost
                0x00000000       0x14 ./os/kernel/src/chmboxes.o
 .text.chMBPostI
                0x00000000       0x40 ./os/kernel/src/chmboxes.o
 .text.chMBPostAheadS
                0x00000000       0x48 ./os/kernel/src/chmboxes.o
 .text.chMBPostAhead
                0x00000000       0x14 ./os/kernel/src/chmboxes.o
 .text.chMBPostAheadI
                0x00000000       0x44 ./os/kernel/src/chmboxes.o
 .text.chMBFetchS
                0x00000000       0x48 ./os/kernel/src/chmboxes.o
 .text.chMBFetch
                0x00000000       0x14 ./os/kernel/src/chmboxes.o
 .text.chMBFetchI
                0x00000000       0x44 ./os/kernel/src/chmboxes.o
 .rodata.str1.1
                0x00000000       0x7b ./os/kernel/src/chmboxes.o
 .debug_info    0x00000000      0xa0f ./os/kernel/src/chmboxes.o
 .debug_abbrev  0x00000000      0x241 ./os/kernel/src/chmboxes.o
 .debug_loc     0x00000000      0x501 ./os/kernel/src/chmboxes.o
 .debug_aranges
                0x00000000       0x70 ./os/kernel/src/chmboxes.o
 .debug_ranges  0x00000000       0x60 ./os/kernel/src/chmboxes.o
 .debug_line    0x00000000      0x26f ./os/kernel/src/chmboxes.o
 .debug_str     0x00000000      0x3ad ./os/kernel/src/chmboxes.o
 .comment       0x00000000       0x71 ./os/kernel/src/chmboxes.o
 .ARM.attributes
                0x00000000       0x33 ./os/kernel/src/chmboxes.o
 .debug_frame   0x00000000      0x134 ./os/kernel/src/chmboxes.o
 .text          0x00000000        0x0 ./os/kernel/src/chmemcore.o
 .data          0x00000000        0x0 ./os/kernel/src/chmemcore.o
 .bss           0x00000000        0x0 ./os/kernel/src/chmemcore.o
 .debug_info    0x00000000       0x79 ./os/kernel/src/chmemcore.o
 .debug_abbrev  0x00000000       0x26 ./os/kernel/src/chmemcore.o
 .debug_aranges
                0x00000000       0x18 ./os/kernel/src/chmemcore.o
 .debug_line    0x00000000       0x1d ./os/kernel/src/chmemcore.o
 .debug_str     0x00000000      0x17e ./os/kernel/src/chmemcore.o
 .comment       0x00000000       0x71 ./os/kernel/src/chmemcore.o
 .ARM.attributes
                0x00000000       0x33 ./os/kernel/src/chmemcore.o
 .text          0x00000000        0x0 ./os/kernel/src/chmempools.o
 .data          0x00000000        0x0 ./os/kernel/src/chmempools.o
 .bss           0x00000000        0x0 ./os/kernel/src/chmempools.o
 .debug_info    0x00000000       0x79 ./os/kernel/src/chmempools.o
 .debug_abbrev  0x00000000       0x26 ./os/kernel/src/chmempools.o
 .debug_aranges
                0x00000000       0x18 ./os/kernel/src/chmempools.o
 .debug_line    0x00000000       0x1d ./os/kernel/src/chmempools.o
 .debug_str     0x00000000      0x17f ./os/kernel/src/chmempools.o
 .comment       0x00000000       0x71 ./os/kernel/src/chmempools.o
 .ARM.attributes
                0x00000000       0x33 ./os/kernel/src/chmempools.o
 .text          0x00000000        0x0 ./os/kernel/src/chmsg.o
 .data          0x00000000        0x0 ./os/kernel/src/chmsg.o
 .bss           0x00000000        0x0 ./os/kernel/src/chmsg.o
 .debug_info    0x00000000       0x79 ./os/kernel/src/chmsg.o
 .debug_abbrev  0x00000000       0x26 ./os/kernel/src/chmsg.o
 .debug_aranges
                0x00000000       0x18 ./os/kernel/src/chmsg.o
 .debug_line    0x00000000       0x1d ./os/kernel/src/chmsg.o
 .debug_str     0x00000000      0x17a ./os/kernel/src/chmsg.o
 .comment       0x00000000       0x71 ./os/kernel/src/chmsg.o
 .ARM.attributes
                0x00000000       0x33 ./os/kernel/src/chmsg.o
 .text          0x00000000        0x0 ./os/kernel/src/chmtx.o
 .data          0x00000000        0x0 ./os/kernel/src/chmtx.o
 .bss           0x00000000        0x0 ./os/kernel/src/chmtx.o
 .debug_info    0x00000000       0x79 ./os/kernel/src/chmtx.o
 .debug_abbrev  0x00000000       0x26 ./os/kernel/src/chmtx.o
 .debug_aranges
                0x00000000       0x18 ./os/kernel/src/chmtx.o
 .debug_line    0x00000000       0x1d ./os/kernel/src/chmtx.o
 .debug_str     0x00000000      0x17a ./os/kernel/src/chmtx.o
 .comment       0x00000000       0x71 ./os/kernel/src/chmtx.o
 .ARM.attributes
                0x00000000       0x33 ./os/kernel/src/chmtx.o
 .text          0x00000000        0x0 ./os/kernel/src/chqueues.o
 .data          0x00000000        0x0 ./os/kernel/src/chqueues.o
 .bss           0x00000000        0x0 ./os/kernel/src/chqueues.o
 .debug_info    0x00000000       0x79 ./os/kernel/src/chqueues.o
 .debug_abbrev  0x00000000       0x26 ./os/kernel/src/chqueues.o
 .debug_aranges
                0x00000000       0x18 ./os/kernel/src/chqueues.o
 .debug_line    0x00000000       0x1d ./os/kernel/src/chqueues.o
 .debug_str     0x00000000      0x17d ./os/kernel/src/chqueues.o
 .comment       0x00000000       0x71 ./os/kernel/src/chqueues.o
 .ARM.attributes
                0x00000000       0x33 ./os/kernel/src/chqueues.o
 .text          0x00000000        0x0 ./os/kernel/src/chregistry.o
 .data          0x00000000        0x0 ./os/kernel/src/chregistry.o
 .bss           0x00000000        0x0 ./os/kernel/src/chregistry.o
 .text.chRegFirstThread
                0x00000000       0x18 ./os/kernel/src/chregistry.o
 .text.chRegNextThread
                0x00000000       0x1c ./os/kernel/src/chregistry.o
 .text          0x00000000        0x0 ./os/kernel/src/chschd.o
 .data          0x00000000        0x0 ./os/kernel/src/chschd.o
 .bss           0x00000000        0x0 ./os/kernel/src/chschd.o
 .text.wakeup   0x00000000       0x34 ./os/kernel/src/chschd.o
 .text.chSchGoSleepTimeoutS
                0x00000000       0x3c ./os/kernel/src/chschd.o
 .text.chSchRescheduleS
                0x00000000       0x18 ./os/kernel/src/chschd.o
 .text          0x00000000        0x0 ./os/kernel/src/chsem.o
 .data          0x00000000        0x0 ./os/kernel/src/chsem.o
 .bss           0x00000000        0x0 ./os/kernel/src/chsem.o
 .text.chSemInit
                0x00000000       0x20 ./os/kernel/src/chsem.o
 .text.chSemResetI
                0x00000000       0x54 ./os/kernel/src/chsem.o
 .text.chSemReset
                0x00000000       0x18 ./os/kernel/src/chsem.o
 .text.chSemWaitS
                0x00000000       0x5c ./os/kernel/src/chsem.o
 .text.chSemWait
                0x00000000       0x14 ./os/kernel/src/chsem.o
 .text.chSemWaitTimeoutS
                0x00000000       0x68 ./os/kernel/src/chsem.o
 .text.chSemWaitTimeout
                0x00000000       0x14 ./os/kernel/src/chsem.o
 .text.chSemSignal
                0x00000000       0x54 ./os/kernel/src/chsem.o
 .text.chSemSignalI
                0x00000000       0x4c ./os/kernel/src/chsem.o
 .text.chSemAddCounterI
                0x00000000       0x58 ./os/kernel/src/chsem.o
 .text.chSemSignalWait
                0x00000000       0xa4 ./os/kernel/src/chsem.o
 .rodata.str1.1
                0x00000000      0x130 ./os/kernel/src/chsem.o
 .debug_info    0x00000000      0xb4f ./os/kernel/src/chsem.o
 .debug_abbrev  0x00000000      0x2e9 ./os/kernel/src/chsem.o
 .debug_loc     0x00000000      0x51a ./os/kernel/src/chsem.o
 .debug_aranges
                0x00000000       0x70 ./os/kernel/src/chsem.o
 .debug_ranges  0x00000000       0x90 ./os/kernel/src/chsem.o
 .debug_line    0x00000000      0x32e ./os/kernel/src/chsem.o
 .debug_str     0x00000000      0x3e5 ./os/kernel/src/chsem.o
 .comment       0x00000000       0x71 ./os/kernel/src/chsem.o
 .ARM.attributes
                0x00000000       0x33 ./os/kernel/src/chsem.o
 .debug_frame   0x00000000      0x130 ./os/kernel/src/chsem.o
 .text          0x00000000        0x0 ./os/kernel/src/chsys.o
 .data          0x00000000        0x0 ./os/kernel/src/chsys.o
 .bss           0x00000000        0x0 ./os/kernel/src/chsys.o
 .text          0x00000000        0x0 ./os/kernel/src/chthreads.o
 .data          0x00000000        0x0 ./os/kernel/src/chthreads.o
 .bss           0x00000000        0x0 ./os/kernel/src/chthreads.o
 .text.chThdSetPriority
                0x00000000       0x34 ./os/kernel/src/chthreads.o
 .text.chThdResume
                0x00000000       0x2c ./os/kernel/src/chthreads.o
 .text.chThdTerminate
                0x00000000       0x16 ./os/kernel/src/chthreads.o
 .text.chThdSleep
                0x00000000       0x28 ./os/kernel/src/chthreads.o
 .text.chThdSleepUntil
                0x00000000       0x24 ./os/kernel/src/chthreads.o
 .text.chThdYield
                0x00000000       0x28 ./os/kernel/src/chthreads.o
 .text          0x00000000        0x0 ./os/kernel/src/chvt.o
 .data          0x00000000        0x0 ./os/kernel/src/chvt.o
 .bss           0x00000000        0x0 ./os/kernel/src/chvt.o
 .text.chTimeIsWithin
                0x00000000       0x28 ./os/kernel/src/chvt.o
 .text          0x00000000        0x0 ./os/hal/chcore.o
 .data          0x00000000        0x0 ./os/hal/chcore.o
 .bss           0x00000000        0x0 ./os/hal/chcore.o
 .text.port_halt
                0x00000000        0x4 ./os/hal/chcore.o
 .debug_info    0x00000000       0x92 ./os/hal/chcore.o
 .debug_abbrev  0x00000000       0x42 ./os/hal/chcore.o
 .debug_aranges
                0x00000000       0x20 ./os/hal/chcore.o
 .debug_ranges  0x00000000       0x10 ./os/hal/chcore.o
 .debug_line    0x00000000       0x43 ./os/hal/chcore.o
 .debug_str     0x00000000      0x17e ./os/hal/chcore.o
 .comment       0x00000000       0x71 ./os/hal/chcore.o
 .ARM.attributes
                0x00000000       0x33 ./os/hal/chcore.o
 .debug_frame   0x00000000       0x20 ./os/hal/chcore.o
 .text          0x00000000        0x0 ./os/hal/chcore_v7m.o
 .data          0x00000000        0x0 ./os/hal/chcore_v7m.o
 .bss           0x00000000        0x0 ./os/hal/chcore_v7m.o
 .text          0x00000000        0x0 ./os/hal/crt0.o
 .data          0x00000000        0x0 ./os/hal/crt0.o
 .bss           0x00000000        0x0 ./os/hal/crt0.o
 .text          0x00000000        0x0 ./os/hal/hal.o
 .data          0x00000000        0x0 ./os/hal/hal.o
 .bss           0x00000000        0x0 ./os/hal/hal.o
 .text          0x00000000        0x0 ./os/hal/hal_lld.o
 .data          0x00000000        0x0 ./os/hal/hal_lld.o
 .bss           0x00000000        0x0 ./os/hal/hal_lld.o
 .text          0x00000000        0x0 ./os/hal/nvic.o
 .data          0x00000000        0x0 ./os/hal/nvic.o
 .bss           0x00000000        0x0 ./os/hal/nvic.o
 .text.nvicDisableVector
                0x00000000       0x3c ./os/hal/nvic.o
 .text          0x00000000        0x0 ./os/hal/stm32_dma.o
 .data          0x00000000        0x0 ./os/hal/stm32_dma.o
 .bss           0x00000000        0x0 ./os/hal/stm32_dma.o
 .text.dmaStreamRelease
                0x00000000       0x58 ./os/hal/stm32_dma.o
 .text          0x00000000        0x0 ./os/hal/vectors.o
 .data          0x00000000        0x0 ./os/hal/vectors.o
 .bss           0x00000000        0x0 ./os/hal/vectors.o
 .text          0x00000000        0x0 ./kl_lib/clocking_L1xx.o
 .data          0x00000000        0x0 ./kl_lib/clocking_L1xx.o
 .bss           0x00000000        0x0 ./kl_lib/clocking_L1xx.o
 .text._ZN5Clk_t9EnableHSEEv
                0x00000000       0x28 ./kl_lib/clocking_L1xx.o
 .text._ZN5Clk_t9EnablePLLEv
                0x00000000       0x28 ./kl_lib/clocking_L1xx.o
 .text._ZN5Clk_t9EnableMSIEv
                0x00000000       0x28 ./kl_lib/clocking_L1xx.o
 .text._ZN5Clk_t16SetupBusDividersE8AHBDiv_t8APBDiv_tS1_
                0x00000000       0x24 ./kl_lib/clocking_L1xx.o
 .text._ZN5Clk_t11SwitchToHSEEv
                0x00000000       0x2c ./kl_lib/clocking_L1xx.o
 .text._ZN5Clk_t11SwitchToPLLEv
                0x00000000       0x34 ./kl_lib/clocking_L1xx.o
 .text._ZN5Clk_t11SwitchToMSIEv
                0x00000000       0x24 ./kl_lib/clocking_L1xx.o
 .text._ZN5Clk_t14SetupPLLMulDivE8PllMul_t8PllDiv_t
                0x00000000       0x2c ./kl_lib/clocking_L1xx.o
 .group         0x00000000        0x8 ./kl_lib/kl_lib_L15x.o
 .group         0x00000000        0x8 ./kl_lib/kl_lib_L15x.o
 .text          0x00000000        0x0 ./kl_lib/kl_lib_L15x.o
 .data          0x00000000        0x0 ./kl_lib/kl_lib_L15x.o
 .bss           0x00000000        0x0 ./kl_lib/kl_lib_L15x.o
 .text._Z16i2cDmaIrqHandlerPvm
                0x00000000       0x1e ./kl_lib/kl_lib_L15x.o
 .text._ZL14PinClockEnableP12GPIO_TypeDef
                0x00000000       0x5c ./kl_lib/kl_lib_L15x.o
 .text._ZL17PinSetupAlterFuncP12GPIO_TypeDeft12PinOutMode_t15PinPullUpDown_t7PinAF_t10PinSpeed_t.constprop.13
                0x00000000       0x90 ./kl_lib/kl_lib_L15x.o
 .text._init    0x00000000        0x2 ./kl_lib/kl_lib_L15x.o
 .text._ZN7Flash_t20WaitForLastOperationEv
                0x00000000       0x30 ./kl_lib/kl_lib_L15x.o
 .text._ZN7Flash_t8UnlockEEEv
                0x00000000       0x3c ./kl_lib/kl_lib_L15x.o
 .text._ZN7Timer_t4InitEP11TIM_TypeDef
                0x00000000       0xd0 ./kl_lib/kl_lib_L15x.o
 .text._ZN7Timer_t7InitPwmEP12GPIO_TypeDefth10Inverted_t10PinSpeed_t
                0x00000000       0xec ./kl_lib/kl_lib_L15x.o
 .text._ZN8PwmPin_t4InitEP12GPIO_TypeDeftP11TIM_TypeDefhtb
                0x00000000      0x168 ./kl_lib/kl_lib_L15x.o
 .text._ZN8PwmPin_t9SetFreqHzEm
                0x00000000       0x1a ./kl_lib/kl_lib_L15x.o
 .text._ZN5i2c_t7StandbyEv
                0x00000000       0x7c ./kl_lib/kl_lib_L15x.o
 .text._ZN5i2c_t6ResumeEv
                0x00000000       0xd8 ./kl_lib/kl_lib_L15x.o
 .text._ZN5i2c_t4InitEP11I2C_TypeDefP12GPIO_TypeDefttmPK18stm32_dma_stream_tS6_
                0x00000000       0x5c ./kl_lib/kl_lib_L15x.o
 .text._ZN5i2c_t5ResetEv
                0x00000000       0x12 ./kl_lib/kl_lib_L15x.o
 .text._ZN5i2c_t9IBusyWaitEv
                0x00000000       0x2a ./kl_lib/kl_lib_L15x.o
 .text._ZN5i2c_t7WaitEv5Ev
                0x00000000       0x24 ./kl_lib/kl_lib_L15x.o
 .text._ZN5i2c_t7WaitEv6Ev
                0x00000000       0x1e ./kl_lib/kl_lib_L15x.o
 .text._ZN5i2c_t7WaitEv8Ev
                0x00000000       0x1a ./kl_lib/kl_lib_L15x.o
 .text._ZN5i2c_t6WaitRxEv
                0x00000000       0x18 ./kl_lib/kl_lib_L15x.o
 .text._ZN5i2c_t8WaitStopEv
                0x00000000       0x18 ./kl_lib/kl_lib_L15x.o
 .text._ZN5i2c_t7WaitBTFEv
                0x00000000       0x18 ./kl_lib/kl_lib_L15x.o
 .text._ZN5i2c_t12CmdWriteReadEhPhhS0_h
                0x00000000      0x188 ./kl_lib/kl_lib_L15x.o
 .text._ZN5i2c_t13CmdWriteWriteEhPhhS0_h
                0x00000000      0x130 ./kl_lib/kl_lib_L15x.o
 .text._ZN8Eeprom_t7Write32Emm
                0x00000000       0x30 ./kl_lib/kl_lib_L15x.o
 .text._ZN8Eeprom_t7ReadBufEPvmm
                0x00000000       0x22 ./kl_lib/kl_lib_L15x.o
 .text._ZN8Eeprom_t8WriteBufEPvmm
                0x00000000       0x48 ./kl_lib/kl_lib_L15x.o
 .text          0x00000000        0x0 ./kl_lib/kl_sprintf.o
 .data          0x00000000        0x0 ./kl_lib/kl_sprintf.o
 .bss           0x00000000        0x0 ./kl_lib/kl_sprintf.o
 .text          0x00000000        0x0 ./kl_lib/uart.o
 .data          0x00000000        0x0 ./kl_lib/uart.o
 .bss           0x00000000        0x0 ./kl_lib/uart.o
 .text._init    0x00000000        0x2 ./kl_lib/uart.o
 .text.PrintfC  0x00000000       0x2c ./kl_lib/uart.o
 .text._ZN9CmdUart_t7PrintfIEPKcz
                0x00000000       0x1a ./kl_lib/uart.o
 .group         0x00000000        0x8 ./main.o
 .text          0x00000000        0x0 ./main.o
 .data          0x00000000        0x0 ./main.o
 .bss           0x00000000        0x0 ./main.o
 .text._init    0x00000000        0x2 ./main.o
 .text          0x00000000        0x0 c:/ostrannastudio/tools/gcc/bin/../lib/gcc/arm-none-eabi/4.8.3/../../../../arm-none-eabi/lib/armv7-m\libg.a(lib_a-memset.o)
 .data          0x00000000        0x0 c:/ostrannastudio/tools/gcc/bin/../lib/gcc/arm-none-eabi/4.8.3/../../../../arm-none-eabi/lib/armv7-m\libg.a(lib_a-memset.o)
 .bss           0x00000000        0x0 c:/ostrannastudio/tools/gcc/bin/../lib/gcc/arm-none-eabi/4.8.3/../../../../arm-none-eabi/lib/armv7-m\libg.a(lib_a-memset.o)
 .text          0x00000000        0x0 c:/ostrannastudio/tools/gcc/bin/../lib/gcc/arm-none-eabi/4.8.3/../../../../arm-none-eabi/lib/armv7-m\libg.a(lib_a-strcasecmp.o)
 .data          0x00000000        0x0 c:/ostrannastudio/tools/gcc/bin/../lib/gcc/arm-none-eabi/4.8.3/../../../../arm-none-eabi/lib/armv7-m\libg.a(lib_a-strcasecmp.o)
 .bss           0x00000000        0x0 c:/ostrannastudio/tools/gcc/bin/../lib/gcc/arm-none-eabi/4.8.3/../../../../arm-none-eabi/lib/armv7-m\libg.a(lib_a-strcasecmp.o)
 .text          0x00000000        0x0 c:/ostrannastudio/tools/gcc/bin/../lib/gcc/arm-none-eabi/4.8.3/../../../../arm-none-eabi/lib/armv7-m\libg.a(lib_a-strtok.o)
 .data          0x00000000        0x0 c:/ostrannastudio/tools/gcc/bin/../lib/gcc/arm-none-eabi/4.8.3/../../../../arm-none-eabi/lib/armv7-m\libg.a(lib_a-strtok.o)
 .bss           0x00000000        0x0 c:/ostrannastudio/tools/gcc/bin/../lib/gcc/arm-none-eabi/4.8.3/../../../../arm-none-eabi/lib/armv7-m\libg.a(lib_a-strtok.o)
 .text          0x00000000        0x0 c:/ostrannastudio/tools/gcc/bin/../lib/gcc/arm-none-eabi/4.8.3/../../../../arm-none-eabi/lib/armv7-m\libg.a(lib_a-strtok_r.o)
 .data          0x00000000        0x0 c:/ostrannastudio/tools/gcc/bin/../lib/gcc/arm-none-eabi/4.8.3/../../../../arm-none-eabi/lib/armv7-m\libg.a(lib_a-strtok_r.o)
 .bss           0x00000000        0x0 c:/ostrannastudio/tools/gcc/bin/../lib/gcc/arm-none-eabi/4.8.3/../../../../arm-none-eabi/lib/armv7-m\libg.a(lib_a-strtok_r.o)
 .text.strtok_r
                0x00000000        0x8 c:/ostrannastudio/tools/gcc/bin/../lib/gcc/arm-none-eabi/4.8.3/../../../../arm-none-eabi/lib/armv7-m\libg.a(lib_a-strtok_r.o)
 .text          0x00000000        0x0 c:/ostrannastudio/tools/gcc/bin/../lib/gcc/arm-none-eabi/4.8.3/../../../../arm-none-eabi/lib/armv7-m\libg.a(lib_a-strtol.o)
 .data          0x00000000        0x0 c:/ostrannastudio/tools/gcc/bin/../lib/gcc/arm-none-eabi/4.8.3/../../../../arm-none-eabi/lib/armv7-m\libg.a(lib_a-strtol.o)
 .bss           0x00000000        0x0 c:/ostrannastudio/tools/gcc/bin/../lib/gcc/arm-none-eabi/4.8.3/../../../../arm-none-eabi/lib/armv7-m\libg.a(lib_a-strtol.o)
 .text          0x00000000        0x0 c:/ostrannastudio/tools/gcc/bin/../lib/gcc/arm-none-eabi/4.8.3/../../../../arm-none-eabi/lib/armv7-m\libg.a(lib_a-ctype_.o)
 .data          0x00000000        0x0 c:/ostrannastudio/tools/gcc/bin/../lib/gcc/arm-none-eabi/4.8.3/../../../../arm-none-eabi/lib/armv7-m\libg.a(lib_a-ctype_.o)
 .bss           0x00000000        0x0 c:/ostrannastudio/tools/gcc/bin/../lib/gcc/arm-none-eabi/4.8.3/../../../../arm-none-eabi/lib/armv7-m\libg.a(lib_a-ctype_.o)
 .text          0x00000000        0x0 c:/ostrannastudio/tools/gcc/bin/../lib/gcc/arm-none-eabi/4.8.3/../../../../arm-none-eabi/lib/armv7-m\libg.a(lib_a-impure.o)
 .data          0x00000000        0x0 c:/ostrannastudio/tools/gcc/bin/../lib/gcc/arm-none-eabi/4.8.3/../../../../arm-none-eabi/lib/armv7-m\libg.a(lib_a-impure.o)
 .bss           0x00000000        0x0 c:/ostrannastudio/tools/gcc/bin/../lib/gcc/arm-none-eabi/4.8.3/../../../../arm-none-eabi/lib/armv7-m\libg.a(lib_a-impure.o)
 .rodata._global_impure_ptr
                0x00000000        0x4 c:/ostrannastudio/tools/gcc/bin/../lib/gcc/arm-none-eabi/4.8.3/../../../../arm-none-eabi/lib/armv7-m\libg.a(lib_a-impure.o)

Memory Configuration

Name             Origin             Length             Attributes
flash            0x08000000         0x00010000
ram              0x20000000         0x00002800
*default*        0x00000000         0xffffffff

Linker script and memory map

LOAD ./os/kernel/src/chcond.o
LOAD ./os/kernel/src/chdebug.o
LOAD ./os/kernel/src/chdynamic.o
LOAD ./os/kernel/src/chevents.o
LOAD ./os/kernel/src/chheap.o
LOAD ./os/kernel/src/chlists.o
LOAD ./os/kernel/src/chmboxes.o
LOAD ./os/kernel/src/chmemcore.o
LOAD ./os/kernel/src/chmempools.o
LOAD ./os/kernel/src/chmsg.o
LOAD ./os/kernel/src/chmtx.o
LOAD ./os/kernel/src/chqueues.o
LOAD ./os/kernel/src/chregistry.o
LOAD ./os/kernel/src/chschd.o
LOAD ./os/kernel/src/chsem.o
LOAD ./os/kernel/src/chsys.o
LOAD ./os/kernel/src/chthreads.o
LOAD ./os/kernel/src/chvt.o
LOAD ./os/hal/chcore.o
LOAD ./os/hal/chcore_v7m.o
LOAD ./os/hal/crt0.o
LOAD ./os/hal/hal.o
LOAD ./os/hal/hal_lld.o
LOAD ./os/hal/nvic.o
LOAD ./os/hal/stm32_dma.o
LOAD ./os/hal/vectors.o
LOAD ./kl_lib/clocking_L1xx.o
LOAD ./kl_lib/kl_lib_L15x.o
LOAD ./kl_lib/kl_sprintf.o
LOAD ./kl_lib/uart.o
LOAD ./main.o
LOAD c:/ostrannastudio/tools/gcc/bin/../lib/gcc/arm-none-eabi/4.8.3/../../../../arm-none-eabi/lib/armv7-m\libstdc++.a
LOAD c:/ostrannastudio/tools/gcc/bin/../lib/gcc/arm-none-eabi/4.8.3/../../../../arm-none-eabi/lib/armv7-m\libm.a
START GROUP
LOAD c:/ostrannastudio/tools/gcc/bin/../lib/gcc/arm-none-eabi/4.8.3/armv7-m\libgcc.a
LOAD c:/ostrannastudio/tools/gcc/bin/../lib/gcc/arm-none-eabi/4.8.3/../../../../arm-none-eabi/lib/armv7-m\libg.a
LOAD c:/ostrannastudio/tools/gcc/bin/../lib/gcc/arm-none-eabi/4.8.3/../../../../arm-none-eabi/lib/armv7-m\libc.a
END GROUP
                0x00000400                __main_stack_size__ = 0x400
                0x00000400                __process_stack_size__ = 0x400
                0x20000000                __ram_start__ = ORIGIN (ram)
                0x00002800                __ram_size__ = 0x2800
                0x20002800                __ram_end__ = (__ram_start__ + __ram_size__)
                0x00000000                . = 0x0
                0x00000000                _text = .

startup         0x08000000       0xf4
 *(vectors)
 vectors        0x08000000       0xf4 ./os/hal/vectors.o
                0x08000000                _vectors

constructors    0x080000f4        0x8
                0x080000f4                PROVIDE (__init_array_start, .)
 *(SORT(.init_array.*))
 *(.init_array)
 .init_array    0x080000f4        0x4 ./kl_lib/uart.o
 .init_array    0x080000f8        0x4 ./main.o
                0x080000fc                PROVIDE (__init_array_end, .)

destructors     0x080000fc        0x0
                0x080000fc                PROVIDE (__fini_array_start, .)
 *(.fini_array)
 *(SORT(.fini_array.*))
                0x080000fc                PROVIDE (__fini_array_end, .)

.text           0x08000100     0x1bd4
 *(.text.startup.*)
 .text.startup._GLOBAL__sub_I_Uart
                0x08000100       0x18 ./kl_lib/uart.o
 *fill*         0x08000118        0x8 
 .text.startup.main
                0x08000120       0xbc ./main.o
                0x08000120                main
 *fill*         0x080001dc        0x4 
 .text.startup._GLOBAL__sub_I_App
                0x080001e0       0x28 ./main.o
 *(.text)
 *(.text.*)
 *fill*         0x08000208        0x8 
 .text.chEvtSignalI
                0x08000210       0x40 ./os/kernel/src/chevents.o
                0x08000210                chEvtSignalI
 .text.chEvtWaitAny
                0x08000250       0x34 ./os/kernel/src/chevents.o
                0x08000250                chEvtWaitAny
 *fill*         0x08000284        0xc 
 .text._scheduler_init
                0x08000290       0x14 ./os/kernel/src/chschd.o
                0x08000290                _scheduler_init
 *fill*         0x080002a4        0xc 
 .text.chSchReadyI
                0x080002b0       0x38 ./os/kernel/src/chschd.o
                0x080002b0                chSchReadyI
 *fill*         0x080002e8        0x8 
 .text.chSchGoSleepS
                0x080002f0       0x20 ./os/kernel/src/chschd.o
                0x080002f0                chSchGoSleepS
 .text.chSchWakeupS
                0x08000310       0x38 ./os/kernel/src/chschd.o
                0x08000310                chSchWakeupS
 *fill*         0x08000348        0x8 
 .text.chSchDoRescheduleBehind
                0x08000350       0x30 ./os/kernel/src/chschd.o
                0x08000350                chSchDoRescheduleBehind
 .text.chSchDoRescheduleAhead
                0x08000380       0x38 ./os/kernel/src/chschd.o
                0x08000380                chSchDoRescheduleAhead
 *fill*         0x080003b8        0x8 
 .text.chSchDoReschedule
                0x080003c0       0x14 ./os/kernel/src/chschd.o
                0x080003c0                chSchDoReschedule
 *fill*         0x080003d4        0xc 
 .text._idle_thread
                0x080003e0       0x14 ./os/kernel/src/chsys.o
                0x080003e0                _idle_thread
 *fill*         0x080003f4        0xc 
 .text.chSysInit
                0x08000400       0x58 ./os/kernel/src/chsys.o
                0x08000400                chSysInit
 *fill*         0x08000458        0x8 
 .text.chSysTimerHandlerI
                0x08000460       0x50 ./os/kernel/src/chsys.o
                0x08000460                chSysTimerHandlerI
 .text._thread_init
                0x080004b0       0x24 ./os/kernel/src/chthreads.o
                0x080004b0                _thread_init
 *fill*         0x080004d4        0xc 
 .text.chThdCreateI
                0x080004e0       0x48 ./os/kernel/src/chthreads.o
                0x080004e0                chThdCreateI
 *fill*         0x08000528        0x8 
 .text.chThdCreateStatic
                0x08000530       0x28 ./os/kernel/src/chthreads.o
                0x08000530                chThdCreateStatic
 *fill*         0x08000558        0x8 
 .text.chThdExitS
                0x08000560       0x30 ./os/kernel/src/chthreads.o
                0x08000560                chThdExitS
 .text.chThdExit
                0x08000590        0xa ./os/kernel/src/chthreads.o
                0x08000590                chThdExit
 *fill*         0x0800059a        0x6 
 .text._vt_init
                0x080005a0       0x18 ./os/kernel/src/chvt.o
                0x080005a0                _vt_init
 *fill*         0x080005b8        0x8 
 .text.chVTSetI
                0x080005c0       0x4c ./os/kernel/src/chvt.o
                0x080005c0                chVTSetI
 *fill*         0x0800060c        0x4 
 .text.chVTResetI
                0x08000610       0x40 ./os/kernel/src/chvt.o
                0x08000610                chVTResetI
 .text._port_switch_from_isr
                0x08000650        0x6 ./os/hal/chcore_v7m.o
                0x08000650                _port_switch_from_isr
 *fill*         0x08000656        0xa 
 .text.SVCallVector
                0x08000660       0x12 ./os/hal/chcore_v7m.o
                0x08000660                SVCallVector
 *fill*         0x08000672        0xe 
 .text._port_init
                0x08000680       0x34 ./os/hal/chcore_v7m.o
                0x08000680                _port_init
 *fill*         0x080006b4        0xc 
 .text._port_irq_epilogue
                0x080006c0       0x68 ./os/hal/chcore_v7m.o
                0x080006c0                _port_irq_epilogue
 *fill*         0x08000728        0x8 
 .text.SysTickVector
                0x08000730       0x1a ./os/hal/chcore_v7m.o
                0x08000730                SysTickVector
 *fill*         0x0800074a        0x6 
 .text._port_switch
                0x08000750       0x10 ./os/hal/chcore_v7m.o
                0x08000750                _port_switch
 .text._port_thread_start
                0x08000760       0x10 ./os/hal/chcore_v7m.o
                0x08000760                _port_thread_start
 .text.__early_init
                0x08000770        0x2 ./os/hal/crt0.o
                0x08000770                __early_init
 *fill*         0x08000772        0xe 
 .text.__late_init
                0x08000780        0x2 ./os/hal/crt0.o
                0x08000780                __late_init
 *fill*         0x08000782        0xe 
 .text._default_exit
                0x08000790        0x2 ./os/hal/crt0.o
                0x08000790                _default_exit
 *fill*         0x08000792        0xe 
 .text.ResetHandler
                0x080007a0       0xc0 ./os/hal/crt0.o
                0x080007a0                ResetHandler
 .text.halInit  0x08000860        0x4 ./os/hal/hal.o
                0x08000860                halInit
 *fill*         0x08000864        0xc 
 .text.hal_lld_init
                0x08000870       0x64 ./os/hal/hal_lld.o
                0x08000870                hal_lld_init
 *fill*         0x080008d4        0xc 
 .text.nvicEnableVector
                0x080008e0       0x46 ./os/hal/nvic.o
                0x080008e0                nvicEnableVector
 *fill*         0x08000926        0xa 
 .text.nvicSetSystemHandlerPriority
                0x08000930       0x26 ./os/hal/nvic.o
                0x08000930                nvicSetSystemHandlerPriority
 *fill*         0x08000956        0xa 
 .text.Vector6C
                0x08000960       0x28 ./os/hal/stm32_dma.o
                0x08000960                Vector6C
 *fill*         0x08000988        0x8 
 .text.Vector70
                0x08000990       0x28 ./os/hal/stm32_dma.o
                0x08000990                Vector70
 *fill*         0x080009b8        0x8 
 .text.Vector74
                0x080009c0       0x2c ./os/hal/stm32_dma.o
                0x080009c0                Vector74
 *fill*         0x080009ec        0x4 
 .text.Vector78
                0x080009f0       0x2c ./os/hal/stm32_dma.o
                0x080009f0                Vector78
 *fill*         0x08000a1c        0x4 
 .text.Vector7C
                0x08000a20       0x2c ./os/hal/stm32_dma.o
                0x08000a20                Vector7C
 *fill*         0x08000a4c        0x4 
 .text.Vector80
                0x08000a50       0x2c ./os/hal/stm32_dma.o
                0x08000a50                Vector80
 *fill*         0x08000a7c        0x4 
 .text.Vector84
                0x08000a80       0x2c ./os/hal/stm32_dma.o
                0x08000a80                Vector84
 *fill*         0x08000aac        0x4 
 .text.dmaInit  0x08000ab0       0x38 ./os/hal/stm32_dma.o
                0x08000ab0                dmaInit
 *fill*         0x08000ae8        0x8 
 .text.dmaStreamAllocate
                0x08000af0       0x88 ./os/hal/stm32_dma.o
                0x08000af0                dmaStreamAllocate
 *fill*         0x08000b78        0x8 
 .text._unhandled_exception
                0x08000b80        0x2 ./os/hal/vectors.o
                0x08000b80                Vector58
                0x08000b80                VectorE8
                0x08000b80                Vector9C
                0x08000b80                VectorAC
                0x08000b80                Vector5C
                0x08000b80                NMIVector
                0x08000b80                Vector8C
                0x08000b80                VectorDC
                0x08000b80                VectorC8
                0x08000b80                Vector94
                0x08000b80                VectorA8
                0x08000b80                VectorB4
                0x08000b80                VectorEC
                0x08000b80                UsageFaultVector
                0x08000b80                DebugMonitorVector
                0x08000b80                Vector40
                0x08000b80                VectorBC
                0x08000b80                PendSVVector
                0x08000b80                Vector64
                0x08000b80                VectorCC
                0x08000b80                Vector54
                0x08000b80                Vector98
                0x08000b80                VectorD8
                0x08000b80                Vector24
                0x08000b80                BusFaultVector
                0x08000b80                VectorD0
                0x08000b80                VectorE4
                0x08000b80                VectorC0
                0x08000b80                HardFaultVector
                0x08000b80                VectorF0
                0x08000b80                VectorE0
                0x08000b80                MemManageVector
                0x08000b80                VectorA0
                0x08000b80                VectorC4
                0x08000b80                VectorB0
                0x08000b80                Vector90
                0x08000b80                Vector60
                0x08000b80                Vector1C
                0x08000b80                Vector48
                0x08000b80                VectorD4
                0x08000b80                Vector4C
                0x08000b80                Vector68
                0x08000b80                _unhandled_exception
                0x08000b80                Vector88
                0x08000b80                Vector50
                0x08000b80                Vector44
                0x08000b80                Vector28
                0x08000b80                VectorB8
                0x08000b80                Vector34
                0x08000b80                VectorA4
                0x08000b80                Vector20
 *fill*         0x08000b82        0xe 
 .text._ZN5Clk_t9EnableHSIEv
                0x08000b90       0x28 ./kl_lib/clocking_L1xx.o
                0x08000b90                Clk_t::EnableHSI()
 *fill*         0x08000bb8        0x8 
 .text._ZN5Clk_t16UpdateFreqValuesEv
                0x08000bc0      0x114 ./kl_lib/clocking_L1xx.o
                0x08000bc0                Clk_t::UpdateFreqValues()
 *fill*         0x08000cd4        0xc 
 .text._ZN5Clk_t11SwitchToHSIEv
                0x08000ce0       0x2c ./kl_lib/clocking_L1xx.o
                0x08000ce0                Clk_t::SwitchToHSI()
 *fill*         0x08000d0c        0x4 
 .text._ZN5Clk_t17SetupFlashLatencyEh
                0x08000d10       0x48 ./kl_lib/clocking_L1xx.o
                0x08000d10                Clk_t::SetupFlashLatency(unsigned char)
 *fill*         0x08000d58        0x8 
 .text._Z10SetupVCore7VCore_t
                0x08000d60       0x34 ./kl_lib/clocking_L1xx.o
                0x08000d60                SetupVCore(VCore_t)
 *fill*         0x08000d94        0xc 
 .text._ZN9CmdUart_t8PrintNowEPKc.isra.12
                0x08000da0       0x1c ./kl_lib/kl_lib_L15x.o
 *fill*         0x08000dbc        0x4 
 .text.chDbgPanic
                0x08000dc0       0x2c ./kl_lib/kl_lib_L15x.o
                0x08000dc0                chDbgPanic
 *fill*         0x08000dec        0x4 
 .text.IPutUint.4105
                0x08000df0       0x72 ./kl_lib/kl_sprintf.o
 *fill*         0x08000e62        0xe 
 .text.kl_vsprintf
                0x08000e70      0x160 ./kl_lib/kl_sprintf.o
                0x08000e70                kl_vsprintf
 .text._ZN9CmdUart_t8IPutCharEc
                0x08000fd0       0x1e ./kl_lib/uart.o
                0x08000fd0                CmdUart_t::IPutChar(char)
 *fill*         0x08000fee        0x2 
 .text._ZL8FPutCharc
                0x08000ff0        0xc ./kl_lib/uart.o
 *fill*         0x08000ffc        0x4 
 .text._ZN9CmdUart_t11ISendViaDMAEv
                0x08001000       0x3c ./kl_lib/uart.o
                0x08001000                CmdUart_t::ISendViaDMA()
 *fill*         0x0800103c        0x4 
 .text._ZN9CmdUart_t7IPrintfEPKcSt9__va_list
                0x08001040       0x3c ./kl_lib/uart.o
                0x08001040                CmdUart_t::IPrintf(char const*, std::__va_list)
 *fill*         0x0800107c        0x4 
 .text._ZN9CmdUart_t6PrintfEPKcz
                0x08001080       0x26 ./kl_lib/uart.o
                0x08001080                CmdUart_t::Printf(char const*, ...)
 *fill*         0x080010a6        0xa 
 .text._ZN9CmdUart_t9ProcessRxEv
                0x080010b0       0xb0 ./kl_lib/uart.o
                0x080010b0                CmdUart_t::ProcessRx()
 .text._ZN9CmdUart_t4InitEm
                0x08001160      0x174 ./kl_lib/uart.o
                0x08001160                CmdUart_t::Init(unsigned long)
 *fill*         0x080012d4        0xc 
 .text._ZN9CmdUart_t15IRQDmaTxHandlerEv
                0x080012e0       0x6c ./kl_lib/uart.o
                0x080012e0                CmdUart_t::IRQDmaTxHandler()
 *fill*         0x0800134c        0x4 
 .text.CmdUartTxIrq
                0x08001350        0xc ./kl_lib/uart.o
                0x08001350                CmdUartTxIrq
 *fill*         0x0800135c        0x4 
 .text._Z14LedTmrCallbackPv
                0x08001360        0xc ./main.o
                0x08001360                LedTmrCallback(void*)
 *fill*         0x0800136c        0x4 
 .text._Z17TmrUartRxCallbackPv
                0x08001370       0x30 ./main.o
                0x08001370                TmrUartRxCallback(void*)
 .text._ZN5Cmd_tILm512EE12GetNextTokenEv.isra.2
                0x080013a0       0x20 ./main.o
 .text._ZN5Cmd_tILm512EE23TryConvertTokenToNumberEPl.isra.3
                0x080013c0       0x26 ./main.o
 *fill*         0x080013e6        0xa 
 .text._ZL11PinSetupOutP12GPIO_TypeDeft12PinOutMode_t15PinPullUpDown_t10PinSpeed_t.constprop.5
                0x080013f0       0x5c ./main.o
 *fill*         0x0800144c        0x4 
 .text._ZN9CmdUart_t3AckEl
                0x08001450        0xc ./main.o
                0x08001450                CmdUart_t::Ack(long)
 *fill*         0x0800145c        0x4 
 .text._ZN5App_t8LedBlinkEm
                0x08001460       0x48 ./main.o
                0x08001460                App_t::LedBlink(unsigned long)
 *fill*         0x080014a8        0x8 
 .text._ZN5App_t9OnUartCmdEP9CmdUart_t
                0x080014b0      0x150 ./main.o
                0x080014b0                App_t::OnUartCmd(CmdUart_t*)
 .text._ZN5App_t5ITaskEv
                0x08001600       0x2c ./main.o
                0x08001600                App_t::ITask()
 *fill*         0x0800162c        0x4 
 .text.memset   0x08001630       0x94 c:/ostrannastudio/tools/gcc/bin/../lib/gcc/arm-none-eabi/4.8.3/../../../../arm-none-eabi/lib/armv7-m\libg.a(lib_a-memset.o)
                0x08001630                memset
 *fill*         0x080016c4        0xc 
 .text.strcasecmp
                0x080016d0       0x44 c:/ostrannastudio/tools/gcc/bin/../lib/gcc/arm-none-eabi/4.8.3/../../../../arm-none-eabi/lib/armv7-m\libg.a(lib_a-strcasecmp.o)
                0x080016d0                strcasecmp
 *fill*         0x08001714        0xc 
 .text.strtok   0x08001720       0x10 c:/ostrannastudio/tools/gcc/bin/../lib/gcc/arm-none-eabi/4.8.3/../../../../arm-none-eabi/lib/armv7-m\libg.a(lib_a-strtok.o)
                0x08001720                strtok
 .text.__strtok_r
                0x08001730       0x64 c:/ostrannastudio/tools/gcc/bin/../lib/gcc/arm-none-eabi/4.8.3/../../../../arm-none-eabi/lib/armv7-m\libg.a(lib_a-strtok_r.o)
                0x08001730                __strtok_r
 *fill*         0x08001794        0xc 
 .text._strtol_r
                0x080017a0      0x114 c:/ostrannastudio/tools/gcc/bin/../lib/gcc/arm-none-eabi/4.8.3/../../../../arm-none-eabi/lib/armv7-m\libg.a(lib_a-strtol.o)
                0x080017a0                _strtol_r
 *fill*         0x080018b4        0xc 
 .text.strtol   0x080018c0       0x18 c:/ostrannastudio/tools/gcc/bin/../lib/gcc/arm-none-eabi/4.8.3/../../../../arm-none-eabi/lib/armv7-m\libg.a(lib_a-strtol.o)
                0x080018c0                strtol
 *(.rodata)
 *fill*         0x080018d8        0x8 
 .rodata        0x080018e0       0x21 ./kl_lib/clocking_L1xx.o
 *(.rodata.*)
 *fill*         0x08001901        0xf 
 .rodata.str1.1
                0x08001910       0x89 ./os/kernel/src/chevents.o
 *fill*         0x08001999        0x7 
 .rodata.ch_debug
                0x080019a0       0x16 ./os/kernel/src/chregistry.o
                0x080019a0                ch_debug
 *fill*         0x080019b6        0xa 
 .rodata.str1.1
                0x080019c0       0x12 ./os/kernel/src/chschd.o
 *fill*         0x080019d2        0xe 
 .rodata.str1.1
                0x080019e0        0x5 ./os/kernel/src/chsys.o
 *fill*         0x080019e5        0xb 
 .rodata.str1.1
                0x080019f0       0x58 ./os/kernel/src/chthreads.o
 *fill*         0x08001a48        0x8 
 .rodata.str1.1
                0x08001a50       0x2d ./os/kernel/src/chvt.o
 *fill*         0x08001a7d        0x3 
 .rodata.str1.1
                0x08001a80       0x42 ./os/hal/stm32_dma.o
 *fill*         0x08001ac2        0xe 
 .rodata._stm32_dma_streams
                0x08001ad0       0x54 ./os/hal/stm32_dma.o
                0x08001ad0                _stm32_dma_streams
 *fill*         0x08001b24        0xc 
 .rodata.str1.1
                0x08001b30        0x3 ./kl_lib/kl_lib_L15x.o
                                  0x5 (size before relaxing)
 *fill*         0x08001b33        0xd 
 .rodata.str1.1
                0x08001b40        0x3 ./kl_lib/uart.o
 *fill*         0x08001b43        0xd 
 .rodata.str1.1
                0x08001b50       0x64 ./main.o
                                 0x67 (size before relaxing)
 *fill*         0x08001bb4        0xc 
 .rodata._ctype_
                0x08001bc0      0x104 c:/ostrannastudio/tools/gcc/bin/../lib/gcc/arm-none-eabi/4.8.3/../../../../arm-none-eabi/lib/armv7-m\libg.a(lib_a-ctype_.o)
                0x08001bc0                _ctype_
 *fill*         0x08001cc4        0xc 
 .rodata.str1.4
                0x08001cd0        0x4 c:/ostrannastudio/tools/gcc/bin/../lib/gcc/arm-none-eabi/4.8.3/../../../../arm-none-eabi/lib/armv7-m\libg.a(lib_a-impure.o)
 *(.glue_7t)
 .glue_7t       0x00000000        0x0 linker stubs
 *(.glue_7)
 .glue_7        0x00000000        0x0 linker stubs
 *(.gcc*)

.vfp11_veneer   0x08001cd4        0x0
 .vfp11_veneer  0x00000000        0x0 linker stubs

.v4_bx          0x08001cd4        0x0
 .v4_bx         0x00000000        0x0 linker stubs

.iplt           0x08001cd4        0x0
 .iplt          0x00000000        0x0 ./os/kernel/src/chcond.o

.rel.dyn        0x08001cd4        0x0
 .rel.iplt      0x00000000        0x0 ./os/kernel/src/chcond.o

.ARM.extab
 *(.ARM.extab* .gnu.linkonce.armextab.*)

.ARM.exidx      0x08001cd4        0x0
                0x08001cd4                PROVIDE (__exidx_start, .)
 *(.ARM.exidx* .gnu.linkonce.armexidx.*)
                0x08001cd4                PROVIDE (__exidx_end, .)

.eh_frame_hdr
 *(.eh_frame_hdr)

.eh_frame
 *(.eh_frame)

.textalign      0x08001cd4        0x4
                0x08001cd8                . = ALIGN (0x8)
 *fill*         0x08001cd4        0x4 
                0x08001cd8                _etext = .
                0x08001cd8                _textdata = _etext

.stacks         0x20000000      0x800
                0x20000000                . = ALIGN (0x8)
                0x20000000                __main_stack_base__ = .
                0x20000400                . = (. + __main_stack_size__)
 *fill*         0x20000000      0x400 
                0x20000400                . = ALIGN (0x8)
                0x20000400                __main_stack_end__ = .
                0x20000400                __process_stack_base__ = .
                0x20000400                __main_thread_stack_base__ = .
                0x20000800                . = (. + __process_stack_size__)
 *fill*         0x20000400      0x400 
                0x20000800                . = ALIGN (0x8)
                0x20000800                __process_stack_end__ = .
                0x20000800                __main_thread_stack_end__ = .

.data           0x20000800      0x434 load address 0x08001cd8
                0x20000800                . = ALIGN (0x4)
                0x20000800                PROVIDE (_data, .)
 *(.data)
                0x20000800                . = ALIGN (0x4)
 *(.data.*)
 .data.__ctype_ptr__
                0x20000800        0x4 c:/ostrannastudio/tools/gcc/bin/../lib/gcc/arm-none-eabi/4.8.3/../../../../arm-none-eabi/lib/armv7-m\libg.a(lib_a-ctype_.o)
                0x20000800                __ctype_ptr__
 *fill*         0x20000804        0x4 
 .data.impure_data
                0x20000808      0x428 c:/ostrannastudio/tools/gcc/bin/../lib/gcc/arm-none-eabi/4.8.3/../../../../arm-none-eabi/lib/armv7-m\libg.a(lib_a-impure.o)
 .data._impure_ptr
                0x20000c30        0x4 c:/ostrannastudio/tools/gcc/bin/../lib/gcc/arm-none-eabi/4.8.3/../../../../arm-none-eabi/lib/armv7-m\libg.a(lib_a-impure.o)
                0x20000c30                _impure_ptr
                0x20000c34                . = ALIGN (0x4)
 *(.ramtext)
                0x20000c34                . = ALIGN (0x4)
                0x20000c34                PROVIDE (_edata, .)

.igot.plt       0x20000c34        0x0 load address 0x0800210c
 .igot.plt      0x00000000        0x0 ./os/kernel/src/chcond.o

.bss            0x20000c38      0x9c0 load address 0x0800210c
                0x20000c38                . = ALIGN (0x4)
                0x20000c38                PROVIDE (_bss_start, .)
 *(.bss)
                0x20000c38                . = ALIGN (0x4)
 *(.bss.*)
 .bss.mainthread.4583
                0x20000c38       0x28 ./os/kernel/src/chsys.o
 .bss.dma_isr_redir
                0x20000c60       0x38 ./os/hal/stm32_dma.o
 .bss.dma_streams_mask
                0x20000c98        0x4 ./os/hal/stm32_dma.o
 .bss.VCore     0x20000c9c        0x1 ./kl_lib/clocking_L1xx.o
                0x20000c9c                VCore
 *fill*         0x20000c9d        0x3 
 .bss.Clk       0x20000ca0        0xc ./kl_lib/clocking_L1xx.o
                0x20000ca0                Clk
 .bss.Uart      0x20000cac      0x850 ./kl_lib/uart.o
                0x20000cac                Uart
 .bss.App       0x200014fc       0x2c ./main.o
                0x200014fc                App
                0x20001528                . = ALIGN (0x4)
 *(COMMON)
 COMMON         0x20001528       0x1c ./os/kernel/src/chschd.o
                0x20001528                rlist
 *fill*         0x20001544        0x4 
 COMMON         0x20001548       0xa0 ./os/kernel/src/chsys.o
                0x20001548                _idle_thread_wa
 COMMON         0x200015e8       0x10 ./os/kernel/src/chvt.o
                0x200015e8                vtlist
                0x200015f8                . = ALIGN (0x4)
                0x200015f8                PROVIDE (_bss_end, .)
                0x200015f8                PROVIDE (end, .)
                0x200015f8                _end = .
                0x200015f8                __heap_base__ = _end
                0x20002800                __heap_end__ = __ram_end__
OUTPUT(BmstuCtrl.elf elf32-littlearm)

.debug_info     0x00000000     0xc2fa
 .debug_info    0x00000000      0xac0 ./os/kernel/src/chevents.o
 .debug_info    0x00000ac0      0x4f6 ./os/kernel/src/chregistry.o
 .debug_info    0x00000fb6      0x869 ./os/kernel/src/chschd.o
 .debug_info    0x0000181f      0x701 ./os/kernel/src/chsys.o
 .debug_info    0x00001f20      0x99b ./os/kernel/src/chthreads.o
 .debug_info    0x000028bb      0x2a1 ./os/kernel/src/chvt.o
 .debug_info    0x00002b5c      0x6f5 ./os/hal/chcore_v7m.o
 .debug_info    0x00003251      0x2a9 ./os/hal/crt0.o
 .debug_info    0x000034fa       0xc4 ./os/hal/hal.o
 .debug_info    0x000035be      0x598 ./os/hal/hal_lld.o
 .debug_info    0x00003b56      0x3fb ./os/hal/nvic.o
 .debug_info    0x00003f51      0x6fc ./os/hal/stm32_dma.o
 .debug_info    0x0000464d      0x1c1 ./os/hal/vectors.o
 .debug_info    0x0000480e      0xb70 ./kl_lib/clocking_L1xx.o
 .debug_info    0x0000537e     0x3338 ./kl_lib/kl_lib_L15x.o
 .debug_info    0x000086b6      0x33d ./kl_lib/kl_sprintf.o
 .debug_info    0x000089f3     0x1961 ./kl_lib/uart.o
 .debug_info    0x0000a354     0x1fa6 ./main.o

.debug_abbrev   0x00000000     0x2c3e
 .debug_abbrev  0x00000000      0x2c1 ./os/kernel/src/chevents.o
 .debug_abbrev  0x000002c1      0x142 ./os/kernel/src/chregistry.o
 .debug_abbrev  0x00000403      0x2f4 ./os/kernel/src/chschd.o
 .debug_abbrev  0x000006f7      0x205 ./os/kernel/src/chsys.o
 .debug_abbrev  0x000008fc      0x272 ./os/kernel/src/chthreads.o
 .debug_abbrev  0x00000b6e      0x16f ./os/kernel/src/chvt.o
 .debug_abbrev  0x00000cdd      0x1d9 ./os/hal/chcore_v7m.o
 .debug_abbrev  0x00000eb6       0xf4 ./os/hal/crt0.o
 .debug_abbrev  0x00000faa       0x88 ./os/hal/hal.o
 .debug_abbrev  0x00001032      0x183 ./os/hal/hal_lld.o
 .debug_abbrev  0x000011b5      0x10e ./os/hal/nvic.o
 .debug_abbrev  0x000012c3      0x230 ./os/hal/stm32_dma.o
 .debug_abbrev  0x000014f3       0xaf ./os/hal/vectors.o
 .debug_abbrev  0x000015a2      0x26c ./kl_lib/clocking_L1xx.o
 .debug_abbrev  0x0000180e      0x786 ./kl_lib/kl_lib_L15x.o
 .debug_abbrev  0x00001f94      0x157 ./kl_lib/kl_sprintf.o
 .debug_abbrev  0x000020eb      0x56d ./kl_lib/uart.o
 .debug_abbrev  0x00002658      0x5e6 ./main.o

.debug_loc      0x00000000     0x358c
 .debug_loc     0x00000000      0x4c4 ./os/kernel/src/chevents.o
 .debug_loc     0x000004c4       0x21 ./os/kernel/src/chregistry.o
 .debug_loc     0x000004e5      0x2a2 ./os/kernel/src/chschd.o
 .debug_loc     0x00000787       0x26 ./os/kernel/src/chsys.o
 .debug_loc     0x000007ad      0x2e0 ./os/kernel/src/chthreads.o
 .debug_loc     0x00000a8d      0x142 ./os/kernel/src/chvt.o
 .debug_loc     0x00000bcf       0x4d ./os/hal/chcore_v7m.o
 .debug_loc     0x00000c1c      0x14b ./os/hal/crt0.o
 .debug_loc     0x00000d67      0x16a ./os/hal/nvic.o
 .debug_loc     0x00000ed1      0x174 ./os/hal/stm32_dma.o
 .debug_loc     0x00001045      0x5c5 ./kl_lib/clocking_L1xx.o
 .debug_loc     0x0000160a     0x13d7 ./kl_lib/kl_lib_L15x.o
 .debug_loc     0x000029e1      0x322 ./kl_lib/kl_sprintf.o
 .debug_loc     0x00002d03      0x31e ./kl_lib/uart.o
 .debug_loc     0x00003021      0x56b ./main.o

.debug_aranges  0x00000000      0x608
 .debug_aranges
                0x00000000       0x88 ./os/kernel/src/chevents.o
 .debug_aranges
                0x00000088       0x28 ./os/kernel/src/chregistry.o
 .debug_aranges
                0x000000b0       0x68 ./os/kernel/src/chschd.o
 .debug_aranges
                0x00000118       0x30 ./os/kernel/src/chsys.o
 .debug_aranges
                0x00000148       0x70 ./os/kernel/src/chthreads.o
 .debug_aranges
                0x000001b8       0x38 ./os/kernel/src/chvt.o
 .debug_aranges
                0x000001f0       0x50 ./os/hal/chcore_v7m.o
 .debug_aranges
                0x00000240       0x38 ./os/hal/crt0.o
 .debug_aranges
                0x00000278       0x20 ./os/hal/hal.o
 .debug_aranges
                0x00000298       0x20 ./os/hal/hal_lld.o
 .debug_aranges
                0x000002b8       0x30 ./os/hal/nvic.o
 .debug_aranges
                0x000002e8       0x68 ./os/hal/stm32_dma.o
 .debug_aranges
                0x00000350       0x20 ./os/hal/vectors.o
 .debug_aranges
                0x00000370       0x80 ./kl_lib/clocking_L1xx.o
 .debug_aranges
                0x000003f0       0xf8 ./kl_lib/kl_lib_L15x.o
 .debug_aranges
                0x000004e8       0x28 ./kl_lib/kl_sprintf.o
 .debug_aranges
                0x00000510       0x80 ./kl_lib/uart.o
 .debug_aranges
                0x00000590       0x78 ./main.o

.debug_ranges   0x00000000      0x898
 .debug_ranges  0x00000000       0x78 ./os/kernel/src/chevents.o
 .debug_ranges  0x00000078       0x18 ./os/kernel/src/chregistry.o
 .debug_ranges  0x00000090       0xc8 ./os/kernel/src/chschd.o
 .debug_ranges  0x00000158       0x20 ./os/kernel/src/chsys.o
 .debug_ranges  0x00000178       0x78 ./os/kernel/src/chthreads.o
 .debug_ranges  0x000001f0       0x28 ./os/kernel/src/chvt.o
 .debug_ranges  0x00000218       0x40 ./os/hal/chcore_v7m.o
 .debug_ranges  0x00000258       0x28 ./os/hal/crt0.o
 .debug_ranges  0x00000280       0x10 ./os/hal/hal.o
 .debug_ranges  0x00000290       0x10 ./os/hal/hal_lld.o
 .debug_ranges  0x000002a0       0x20 ./os/hal/nvic.o
 .debug_ranges  0x000002c0       0x58 ./os/hal/stm32_dma.o
 .debug_ranges  0x00000318       0x10 ./os/hal/vectors.o
 .debug_ranges  0x00000328      0x100 ./kl_lib/clocking_L1xx.o
 .debug_ranges  0x00000428      0x248 ./kl_lib/kl_lib_L15x.o
 .debug_ranges  0x00000670       0x30 ./kl_lib/kl_sprintf.o
 .debug_ranges  0x000006a0      0x160 ./kl_lib/uart.o
 .debug_ranges  0x00000800       0x98 ./main.o

.debug_line     0x00000000     0x26c0
 .debug_line    0x00000000      0x2a5 ./os/kernel/src/chevents.o
 .debug_line    0x000002a5      0x166 ./os/kernel/src/chregistry.o
 .debug_line    0x0000040b      0x28f ./os/kernel/src/chschd.o
 .debug_line    0x0000069a      0x18e ./os/kernel/src/chsys.o
 .debug_line    0x00000828      0x26b ./os/kernel/src/chthreads.o
 .debug_line    0x00000a93      0x148 ./os/kernel/src/chvt.o
 .debug_line    0x00000bdb      0x190 ./os/hal/chcore_v7m.o
 .debug_line    0x00000d6b       0xf9 ./os/hal/crt0.o
 .debug_line    0x00000e64       0x9a ./os/hal/hal.o
 .debug_line    0x00000efe       0xd6 ./os/hal/hal_lld.o
 .debug_line    0x00000fd4       0xb8 ./os/hal/nvic.o
 .debug_line    0x0000108c      0x20f ./os/hal/stm32_dma.o
 .debug_line    0x0000129b       0x82 ./os/hal/vectors.o
 .debug_line    0x0000131d      0x239 ./kl_lib/clocking_L1xx.o
 .debug_line    0x00001556      0x7a3 ./kl_lib/kl_lib_L15x.o
 .debug_line    0x00001cf9      0x18e ./kl_lib/kl_sprintf.o
 .debug_line    0x00001e87      0x426 ./kl_lib/uart.o
 .debug_line    0x000022ad      0x413 ./main.o

.debug_str      0x00000000     0x2bcf
 .debug_str     0x00000000      0x3e0 ./os/kernel/src/chevents.o
                                0x44a (size before relaxing)
 .debug_str     0x000003e0      0x13e ./os/kernel/src/chregistry.o
                                0x3cd (size before relaxing)
 .debug_str     0x0000051e      0x137 ./os/kernel/src/chschd.o
                                0x401 (size before relaxing)
 .debug_str     0x00000655       0xb7 ./os/kernel/src/chsys.o
                                0x4ab (size before relaxing)
 .debug_str     0x0000070c       0xa1 ./os/kernel/src/chthreads.o
                                0x431 (size before relaxing)
 .debug_str     0x000007ad       0x35 ./os/kernel/src/chvt.o
                                0x232 (size before relaxing)
 .debug_str     0x000007e2      0x106 ./os/hal/chcore_v7m.o
                                0x3d2 (size before relaxing)
 .debug_str     0x000008e8      0x122 ./os/hal/crt0.o
                                0x280 (size before relaxing)
 .debug_str     0x00000a0a       0x32 ./os/hal/hal.o
                                0x19b (size before relaxing)
 .debug_str     0x00000a3c      0x5f3 ./os/hal/hal_lld.o
                                0x70c (size before relaxing)
 .debug_str     0x0000102f       0x8b ./os/hal/nvic.o
                                0x27a (size before relaxing)
 .debug_str     0x000010ba      0x3d9 ./os/hal/stm32_dma.o
                                0x66b (size before relaxing)
 .debug_str     0x00001493      0x11c ./os/hal/vectors.o
                                0x2a1 (size before relaxing)
 .debug_str     0x000015af      0x18e ./kl_lib/clocking_L1xx.o
                                0x878 (size before relaxing)
 .debug_str     0x0000173d     0x11f8 ./kl_lib/kl_lib_L15x.o
                               0x1c94 (size before relaxing)
 .debug_str     0x00002935       0x8c ./kl_lib/kl_sprintf.o
                                0x22c (size before relaxing)
 .debug_str     0x000029c1       0xa2 ./kl_lib/uart.o
                                0xf84 (size before relaxing)
 .debug_str     0x00002a63      0x16c ./main.o
                               0x10d9 (size before relaxing)

.comment        0x00000000       0x70
 .comment       0x00000000       0x70 ./os/kernel/src/chevents.o
                                 0x71 (size before relaxing)
 .comment       0x00000000       0x71 ./os/kernel/src/chregistry.o
 .comment       0x00000000       0x71 ./os/kernel/src/chschd.o
 .comment       0x00000000       0x71 ./os/kernel/src/chsys.o
 .comment       0x00000000       0x71 ./os/kernel/src/chthreads.o
 .comment       0x00000000       0x71 ./os/kernel/src/chvt.o
 .comment       0x00000000       0x71 ./os/hal/chcore_v7m.o
 .comment       0x00000000       0x71 ./os/hal/crt0.o
 .comment       0x00000000       0x71 ./os/hal/hal.o
 .comment       0x00000000       0x71 ./os/hal/hal_lld.o
 .comment       0x00000000       0x71 ./os/hal/nvic.o
 .comment       0x00000000       0x71 ./os/hal/stm32_dma.o
 .comment       0x00000000       0x71 ./os/hal/vectors.o
 .comment       0x00000000       0x71 ./kl_lib/clocking_L1xx.o
 .comment       0x00000000       0x71 ./kl_lib/kl_lib_L15x.o
 .comment       0x00000000       0x71 ./kl_lib/kl_sprintf.o
 .comment       0x00000000       0x71 ./kl_lib/uart.o
 .comment       0x00000000       0x71 ./main.o

.ARM.attributes
                0x00000000       0x33
 .ARM.attributes
                0x00000000       0x33 ./os/kernel/src/chevents.o
 .ARM.attributes
                0x00000033       0x33 ./os/kernel/src/chregistry.o
 .ARM.attributes
                0x00000066       0x33 ./os/kernel/src/chschd.o
 .ARM.attributes
                0x00000099       0x33 ./os/kernel/src/chsys.o
 .ARM.attributes
                0x000000cc       0x33 ./os/kernel/src/chthreads.o
 .ARM.attributes
                0x000000ff       0x33 ./os/kernel/src/chvt.o
 .ARM.attributes
                0x00000132       0x33 ./os/hal/chcore_v7m.o
 .ARM.attributes
                0x00000165       0x33 ./os/hal/crt0.o
 .ARM.attributes
                0x00000198       0x33 ./os/hal/hal.o
 .ARM.attributes
                0x000001cb       0x33 ./os/hal/hal_lld.o
 .ARM.attributes
                0x000001fe       0x33 ./os/hal/nvic.o
 .ARM.attributes
                0x00000231       0x33 ./os/hal/stm32_dma.o
 .ARM.attributes
                0x00000264       0x33 ./os/hal/vectors.o
 .ARM.attributes
                0x00000297       0x33 ./kl_lib/clocking_L1xx.o
 .ARM.attributes
                0x000002ca       0x33 ./kl_lib/kl_lib_L15x.o
 .ARM.attributes
                0x000002fd       0x33 ./kl_lib/kl_sprintf.o
 .ARM.attributes
                0x00000330       0x33 ./kl_lib/uart.o
 .ARM.attributes
                0x00000363       0x33 ./main.o
 .ARM.attributes
                0x00000396       0x2d c:/ostrannastudio/tools/gcc/bin/../lib/gcc/arm-none-eabi/4.8.3/../../../../arm-none-eabi/lib/armv7-m\libg.a(lib_a-memset.o)
 .ARM.attributes
                0x000003c3       0x2d c:/ostrannastudio/tools/gcc/bin/../lib/gcc/arm-none-eabi/4.8.3/../../../../arm-none-eabi/lib/armv7-m\libg.a(lib_a-strcasecmp.o)
 .ARM.attributes
                0x000003f0       0x2d c:/ostrannastudio/tools/gcc/bin/../lib/gcc/arm-none-eabi/4.8.3/../../../../arm-none-eabi/lib/armv7-m\libg.a(lib_a-strtok.o)
 .ARM.attributes
                0x0000041d       0x2d c:/ostrannastudio/tools/gcc/bin/../lib/gcc/arm-none-eabi/4.8.3/../../../../arm-none-eabi/lib/armv7-m\libg.a(lib_a-strtok_r.o)
 .ARM.attributes
                0x0000044a       0x2d c:/ostrannastudio/tools/gcc/bin/../lib/gcc/arm-none-eabi/4.8.3/../../../../arm-none-eabi/lib/armv7-m\libg.a(lib_a-strtol.o)
 .ARM.attributes
                0x00000477       0x2d c:/ostrannastudio/tools/gcc/bin/../lib/gcc/arm-none-eabi/4.8.3/../../../../arm-none-eabi/lib/armv7-m\libg.a(lib_a-ctype_.o)
 .ARM.attributes
                0x000004a4       0x2d c:/ostrannastudio/tools/gcc/bin/../lib/gcc/arm-none-eabi/4.8.3/../../../../arm-none-eabi/lib/armv7-m\libg.a(lib_a-impure.o)

.debug_frame    0x00000000      0xe84
 .debug_frame   0x00000000      0x168 ./os/kernel/src/chevents.o
 .debug_frame   0x00000168       0x30 ./os/kernel/src/chregistry.o
 .debug_frame   0x00000198       0xec ./os/kernel/src/chschd.o
 .debug_frame   0x00000284       0x58 ./os/kernel/src/chsys.o
 .debug_frame   0x000002dc      0x114 ./os/kernel/src/chthreads.o
 .debug_frame   0x000003f0       0x68 ./os/kernel/src/chvt.o
 .debug_frame   0x00000458       0x90 ./os/hal/chcore_v7m.o
 .debug_frame   0x000004e8       0x50 ./os/hal/crt0.o
 .debug_frame   0x00000538       0x20 ./os/hal/hal.o
 .debug_frame   0x00000558       0x20 ./os/hal/hal_lld.o
 .debug_frame   0x00000578       0x54 ./os/hal/nvic.o
 .debug_frame   0x000005cc      0x104 ./os/hal/stm32_dma.o
 .debug_frame   0x000006d0       0x20 ./os/hal/vectors.o
 .debug_frame   0x000006f0      0x120 ./kl_lib/clocking_L1xx.o
 .debug_frame   0x00000810      0x298 ./kl_lib/kl_lib_L15x.o
 .debug_frame   0x00000aa8       0x54 ./kl_lib/kl_sprintf.o
 .debug_frame   0x00000afc      0x158 ./kl_lib/uart.o
 .debug_frame   0x00000c54      0x130 ./main.o
 .debug_frame   0x00000d84       0x2c c:/ostrannastudio/tools/gcc/bin/../lib/gcc/arm-none-eabi/4.8.3/../../../../arm-none-eabi/lib/armv7-m\libg.a(lib_a-memset.o)
 .debug_frame   0x00000db0       0x28 c:/ostrannastudio/tools/gcc/bin/../lib/gcc/arm-none-eabi/4.8.3/../../../../arm-none-eabi/lib/armv7-m\libg.a(lib_a-strcasecmp.o)
 .debug_frame   0x00000dd8       0x20 c:/ostrannastudio/tools/gcc/bin/../lib/gcc/arm-none-eabi/4.8.3/../../../../arm-none-eabi/lib/armv7-m\libg.a(lib_a-strtok.o)
 .debug_frame   0x00000df8       0x3c c:/ostrannastudio/tools/gcc/bin/../lib/gcc/arm-none-eabi/4.8.3/../../../../arm-none-eabi/lib/armv7-m\libg.a(lib_a-strtok_r.o)
 .debug_frame   0x00000e34       0x50 c:/ostrannastudio/tools/gcc/bin/../lib/gcc/arm-none-eabi/4.8.3/../../../../arm-none-eabi/lib/armv7-m\libg.a(lib_a-strtol.o)
