Archive member included because of file (symbol)

c:/ostrannastudio/tools/gcc/bin/../lib/gcc/arm-none-eabi/4.8.3/../../../../arm-none-eabi/lib/armv7-m\libg.a(lib_a-memset.o)
                              ./kl_lib/clocking_L1xx.o (memset)

Allocating common symbols
Common symbol       size              file

dbg_panic_msg       0x4               ./os/kernel/src/chdebug.o
vtlist              0x10              ./os/kernel/src/chvt.o
rlist               0x1c              ./os/kernel/src/chschd.o
_idle_thread_wa     0xa0              ./os/kernel/src/chsys.o

Discarded input sections

 .text          0x00000000        0x0 ./os/kernel/src/chcond.o
 .data          0x00000000        0x0 ./os/kernel/src/chcond.o
 .bss           0x00000000        0x0 ./os/kernel/src/chcond.o
 .debug_info    0x00000000       0x79 ./os/kernel/src/chcond.o
 .debug_abbrev  0x00000000       0x26 ./os/kernel/src/chcond.o
 .debug_aranges
                0x00000000       0x18 ./os/kernel/src/chcond.o
 .debug_line    0x00000000       0x1d ./os/kernel/src/chcond.o
 .debug_str     0x00000000      0x170 ./os/kernel/src/chcond.o
 .comment       0x00000000       0x71 ./os/kernel/src/chcond.o
 .ARM.attributes
                0x00000000       0x33 ./os/kernel/src/chcond.o
 .text          0x00000000        0x0 ./os/kernel/src/chdebug.o
 .data          0x00000000        0x0 ./os/kernel/src/chdebug.o
 .bss           0x00000000        0x0 ./os/kernel/src/chdebug.o
 .debug_info    0x00000000       0x96 ./os/kernel/src/chdebug.o
 .debug_abbrev  0x00000000       0x47 ./os/kernel/src/chdebug.o
 .debug_aranges
                0x00000000       0x18 ./os/kernel/src/chdebug.o
 .debug_line    0x00000000       0x3b ./os/kernel/src/chdebug.o
 .debug_str     0x00000000      0x17f ./os/kernel/src/chdebug.o
 .comment       0x00000000       0x71 ./os/kernel/src/chdebug.o
 .ARM.attributes
                0x00000000       0x33 ./os/kernel/src/chdebug.o
 COMMON         0x00000000        0x4 ./os/kernel/src/chdebug.o
 .text          0x00000000        0x0 ./os/kernel/src/chdynamic.o
 .data          0x00000000        0x0 ./os/kernel/src/chdynamic.o
 .bss           0x00000000        0x0 ./os/kernel/src/chdynamic.o
 .debug_info    0x00000000       0x79 ./os/kernel/src/chdynamic.o
 .debug_abbrev  0x00000000       0x26 ./os/kernel/src/chdynamic.o
 .debug_aranges
                0x00000000       0x18 ./os/kernel/src/chdynamic.o
 .debug_line    0x00000000       0x1d ./os/kernel/src/chdynamic.o
 .debug_str     0x00000000      0x173 ./os/kernel/src/chdynamic.o
 .comment       0x00000000       0x71 ./os/kernel/src/chdynamic.o
 .ARM.attributes
                0x00000000       0x33 ./os/kernel/src/chdynamic.o
 .text          0x00000000        0x0 ./os/kernel/src/chevents.o
 .data          0x00000000        0x0 ./os/kernel/src/chevents.o
 .bss           0x00000000        0x0 ./os/kernel/src/chevents.o
 .text.chEvtRegisterMask
                0x00000000       0x38 ./os/kernel/src/chevents.o
 .text.chEvtUnregister
                0x00000000       0x38 ./os/kernel/src/chevents.o
 .text.chEvtGetAndClearEvents
                0x00000000       0x20 ./os/kernel/src/chevents.o
 .text.chEvtAddEvents
                0x00000000       0x1c ./os/kernel/src/chevents.o
 .text.chEvtGetAndClearFlags
                0x00000000       0x14 ./os/kernel/src/chevents.o
 .text.chEvtBroadcastFlagsI
                0x00000000       0x2c ./os/kernel/src/chevents.o
 .text.chEvtSignal
                0x00000000       0x2c ./os/kernel/src/chevents.o
 .text.chEvtBroadcastFlags
                0x00000000       0x18 ./os/kernel/src/chevents.o
 .text.chEvtGetAndClearFlagsI
                0x00000000        0xa ./os/kernel/src/chevents.o
 .text.chEvtDispatch
                0x00000000       0x48 ./os/kernel/src/chevents.o
 .text.chEvtWaitOne
                0x00000000       0x38 ./os/kernel/src/chevents.o
 .text.chEvtWaitAll
                0x00000000       0x34 ./os/kernel/src/chevents.o
 .text          0x00000000        0x0 ./os/kernel/src/chheap.o
 .data          0x00000000        0x0 ./os/kernel/src/chheap.o
 .bss           0x00000000        0x0 ./os/kernel/src/chheap.o
 .debug_info    0x00000000       0x79 ./os/kernel/src/chheap.o
 .debug_abbrev  0x00000000       0x26 ./os/kernel/src/chheap.o
 .debug_aranges
                0x00000000       0x18 ./os/kernel/src/chheap.o
 .debug_line    0x00000000       0x1d ./os/kernel/src/chheap.o
 .debug_str     0x00000000      0x170 ./os/kernel/src/chheap.o
 .comment       0x00000000       0x71 ./os/kernel/src/chheap.o
 .ARM.attributes
                0x00000000       0x33 ./os/kernel/src/chheap.o
 .text          0x00000000        0x0 ./os/kernel/src/chlists.o
 .data          0x00000000        0x0 ./os/kernel/src/chlists.o
 .bss           0x00000000        0x0 ./os/kernel/src/chlists.o
 .debug_info    0x00000000       0x79 ./os/kernel/src/chlists.o
 .debug_abbrev  0x00000000       0x26 ./os/kernel/src/chlists.o
 .debug_aranges
                0x00000000       0x18 ./os/kernel/src/chlists.o
 .debug_line    0x00000000       0x1d ./os/kernel/src/chlists.o
 .debug_str     0x00000000      0x171 ./os/kernel/src/chlists.o
 .comment       0x00000000       0x71 ./os/kernel/src/chlists.o
 .ARM.attributes
                0x00000000       0x33 ./os/kernel/src/chlists.o
 .text          0x00000000        0x0 ./os/kernel/src/chmboxes.o
 .data          0x00000000        0x0 ./os/kernel/src/chmboxes.o
 .bss           0x00000000        0x0 ./os/kernel/src/chmboxes.o
 .text.chMBInit
                0x00000000       0x40 ./os/kernel/src/chmboxes.o
 .text.chMBReset
                0x00000000       0x40 ./os/kernel/src/chmboxes.o
 .text.chMBPostS
                0x00000000       0x44 ./os/kernel/src/chmboxes.o
 .text.chMBPost
                0x00000000       0x14 ./os/kernel/src/chmboxes.o
 .text.chMBPostI
                0x00000000       0x40 ./os/kernel/src/chmboxes.o
 .text.chMBPostAheadS
                0x00000000       0x48 ./os/kernel/src/chmboxes.o
 .text.chMBPostAhead
                0x00000000       0x14 ./os/kernel/src/chmboxes.o
 .text.chMBPostAheadI
                0x00000000       0x44 ./os/kernel/src/chmboxes.o
 .text.chMBFetchS
                0x00000000       0x48 ./os/kernel/src/chmboxes.o
 .text.chMBFetch
                0x00000000       0x14 ./os/kernel/src/chmboxes.o
 .text.chMBFetchI
                0x00000000       0x44 ./os/kernel/src/chmboxes.o
 .rodata.str1.1
                0x00000000       0x7b ./os/kernel/src/chmboxes.o
 .debug_info    0x00000000      0xa0f ./os/kernel/src/chmboxes.o
 .debug_abbrev  0x00000000      0x241 ./os/kernel/src/chmboxes.o
 .debug_loc     0x00000000      0x501 ./os/kernel/src/chmboxes.o
 .debug_aranges
                0x00000000       0x70 ./os/kernel/src/chmboxes.o
 .debug_ranges  0x00000000       0x60 ./os/kernel/src/chmboxes.o
 .debug_line    0x00000000      0x26f ./os/kernel/src/chmboxes.o
 .debug_str     0x00000000      0x3a2 ./os/kernel/src/chmboxes.o
 .comment       0x00000000       0x71 ./os/kernel/src/chmboxes.o
 .ARM.attributes
                0x00000000       0x33 ./os/kernel/src/chmboxes.o
 .debug_frame   0x00000000      0x134 ./os/kernel/src/chmboxes.o
 .text          0x00000000        0x0 ./os/kernel/src/chmemcore.o
 .data          0x00000000        0x0 ./os/kernel/src/chmemcore.o
 .bss           0x00000000        0x0 ./os/kernel/src/chmemcore.o
 .debug_info    0x00000000       0x79 ./os/kernel/src/chmemcore.o
 .debug_abbrev  0x00000000       0x26 ./os/kernel/src/chmemcore.o
 .debug_aranges
                0x00000000       0x18 ./os/kernel/src/chmemcore.o
 .debug_line    0x00000000       0x1d ./os/kernel/src/chmemcore.o
 .debug_str     0x00000000      0x173 ./os/kernel/src/chmemcore.o
 .comment       0x00000000       0x71 ./os/kernel/src/chmemcore.o
 .ARM.attributes
                0x00000000       0x33 ./os/kernel/src/chmemcore.o
 .text          0x00000000        0x0 ./os/kernel/src/chmempools.o
 .data          0x00000000        0x0 ./os/kernel/src/chmempools.o
 .bss           0x00000000        0x0 ./os/kernel/src/chmempools.o
 .debug_info    0x00000000       0x79 ./os/kernel/src/chmempools.o
 .debug_abbrev  0x00000000       0x26 ./os/kernel/src/chmempools.o
 .debug_aranges
                0x00000000       0x18 ./os/kernel/src/chmempools.o
 .debug_line    0x00000000       0x1d ./os/kernel/src/chmempools.o
 .debug_str     0x00000000      0x174 ./os/kernel/src/chmempools.o
 .comment       0x00000000       0x71 ./os/kernel/src/chmempools.o
 .ARM.attributes
                0x00000000       0x33 ./os/kernel/src/chmempools.o
 .text          0x00000000        0x0 ./os/kernel/src/chmsg.o
 .data          0x00000000        0x0 ./os/kernel/src/chmsg.o
 .bss           0x00000000        0x0 ./os/kernel/src/chmsg.o
 .debug_info    0x00000000       0x79 ./os/kernel/src/chmsg.o
 .debug_abbrev  0x00000000       0x26 ./os/kernel/src/chmsg.o
 .debug_aranges
                0x00000000       0x18 ./os/kernel/src/chmsg.o
 .debug_line    0x00000000       0x1d ./os/kernel/src/chmsg.o
 .debug_str     0x00000000      0x16f ./os/kernel/src/chmsg.o
 .comment       0x00000000       0x71 ./os/kernel/src/chmsg.o
 .ARM.attributes
                0x00000000       0x33 ./os/kernel/src/chmsg.o
 .text          0x00000000        0x0 ./os/kernel/src/chmtx.o
 .data          0x00000000        0x0 ./os/kernel/src/chmtx.o
 .bss           0x00000000        0x0 ./os/kernel/src/chmtx.o
 .debug_info    0x00000000       0x79 ./os/kernel/src/chmtx.o
 .debug_abbrev  0x00000000       0x26 ./os/kernel/src/chmtx.o
 .debug_aranges
                0x00000000       0x18 ./os/kernel/src/chmtx.o
 .debug_line    0x00000000       0x1d ./os/kernel/src/chmtx.o
 .debug_str     0x00000000      0x16f ./os/kernel/src/chmtx.o
 .comment       0x00000000       0x71 ./os/kernel/src/chmtx.o
 .ARM.attributes
                0x00000000       0x33 ./os/kernel/src/chmtx.o
 .text          0x00000000        0x0 ./os/kernel/src/chqueues.o
 .data          0x00000000        0x0 ./os/kernel/src/chqueues.o
 .bss           0x00000000        0x0 ./os/kernel/src/chqueues.o
 .debug_info    0x00000000       0x79 ./os/kernel/src/chqueues.o
 .debug_abbrev  0x00000000       0x26 ./os/kernel/src/chqueues.o
 .debug_aranges
                0x00000000       0x18 ./os/kernel/src/chqueues.o
 .debug_line    0x00000000       0x1d ./os/kernel/src/chqueues.o
 .debug_str     0x00000000      0x172 ./os/kernel/src/chqueues.o
 .comment       0x00000000       0x71 ./os/kernel/src/chqueues.o
 .ARM.attributes
                0x00000000       0x33 ./os/kernel/src/chqueues.o
 .text          0x00000000        0x0 ./os/kernel/src/chregistry.o
 .data          0x00000000        0x0 ./os/kernel/src/chregistry.o
 .bss           0x00000000        0x0 ./os/kernel/src/chregistry.o
 .text.chRegFirstThread
                0x00000000       0x18 ./os/kernel/src/chregistry.o
 .text.chRegNextThread
                0x00000000       0x1c ./os/kernel/src/chregistry.o
 .text          0x00000000        0x0 ./os/kernel/src/chschd.o
 .data          0x00000000        0x0 ./os/kernel/src/chschd.o
 .bss           0x00000000        0x0 ./os/kernel/src/chschd.o
 .text.chSchRescheduleS
                0x00000000       0x18 ./os/kernel/src/chschd.o
 .text          0x00000000        0x0 ./os/kernel/src/chsem.o
 .data          0x00000000        0x0 ./os/kernel/src/chsem.o
 .bss           0x00000000        0x0 ./os/kernel/src/chsem.o
 .text.chSemInit
                0x00000000       0x20 ./os/kernel/src/chsem.o
 .text.chSemResetI
                0x00000000       0x54 ./os/kernel/src/chsem.o
 .text.chSemReset
                0x00000000       0x18 ./os/kernel/src/chsem.o
 .text.chSemWaitS
                0x00000000       0x5c ./os/kernel/src/chsem.o
 .text.chSemWait
                0x00000000       0x14 ./os/kernel/src/chsem.o
 .text.chSemWaitTimeoutS
                0x00000000       0x68 ./os/kernel/src/chsem.o
 .text.chSemWaitTimeout
                0x00000000       0x14 ./os/kernel/src/chsem.o
 .text.chSemSignal
                0x00000000       0x54 ./os/kernel/src/chsem.o
 .text.chSemSignalI
                0x00000000       0x4c ./os/kernel/src/chsem.o
 .text.chSemAddCounterI
                0x00000000       0x58 ./os/kernel/src/chsem.o
 .text.chSemSignalWait
                0x00000000       0xa4 ./os/kernel/src/chsem.o
 .rodata.str1.1
                0x00000000      0x130 ./os/kernel/src/chsem.o
 .debug_info    0x00000000      0xb4f ./os/kernel/src/chsem.o
 .debug_abbrev  0x00000000      0x2e9 ./os/kernel/src/chsem.o
 .debug_loc     0x00000000      0x51a ./os/kernel/src/chsem.o
 .debug_aranges
                0x00000000       0x70 ./os/kernel/src/chsem.o
 .debug_ranges  0x00000000       0x90 ./os/kernel/src/chsem.o
 .debug_line    0x00000000      0x32e ./os/kernel/src/chsem.o
 .debug_str     0x00000000      0x3da ./os/kernel/src/chsem.o
 .comment       0x00000000       0x71 ./os/kernel/src/chsem.o
 .ARM.attributes
                0x00000000       0x33 ./os/kernel/src/chsem.o
 .debug_frame   0x00000000      0x130 ./os/kernel/src/chsem.o
 .text          0x00000000        0x0 ./os/kernel/src/chsys.o
 .data          0x00000000        0x0 ./os/kernel/src/chsys.o
 .bss           0x00000000        0x0 ./os/kernel/src/chsys.o
 .text          0x00000000        0x0 ./os/kernel/src/chthreads.o
 .data          0x00000000        0x0 ./os/kernel/src/chthreads.o
 .bss           0x00000000        0x0 ./os/kernel/src/chthreads.o
 .text.chThdSetPriority
                0x00000000       0x34 ./os/kernel/src/chthreads.o
 .text.chThdResume
                0x00000000       0x2c ./os/kernel/src/chthreads.o
 .text.chThdTerminate
                0x00000000       0x16 ./os/kernel/src/chthreads.o
 .text.chThdSleepUntil
                0x00000000       0x24 ./os/kernel/src/chthreads.o
 .text.chThdYield
                0x00000000       0x28 ./os/kernel/src/chthreads.o
 .text          0x00000000        0x0 ./os/kernel/src/chvt.o
 .data          0x00000000        0x0 ./os/kernel/src/chvt.o
 .bss           0x00000000        0x0 ./os/kernel/src/chvt.o
 .text.chTimeIsWithin
                0x00000000       0x28 ./os/kernel/src/chvt.o
 .text          0x00000000        0x0 ./os/hal/chcore.o
 .data          0x00000000        0x0 ./os/hal/chcore.o
 .bss           0x00000000        0x0 ./os/hal/chcore.o
 .text.port_halt
                0x00000000        0x4 ./os/hal/chcore.o
 .debug_info    0x00000000       0x92 ./os/hal/chcore.o
 .debug_abbrev  0x00000000       0x42 ./os/hal/chcore.o
 .debug_aranges
                0x00000000       0x20 ./os/hal/chcore.o
 .debug_ranges  0x00000000       0x10 ./os/hal/chcore.o
 .debug_line    0x00000000       0x43 ./os/hal/chcore.o
 .debug_str     0x00000000      0x173 ./os/hal/chcore.o
 .comment       0x00000000       0x71 ./os/hal/chcore.o
 .ARM.attributes
                0x00000000       0x33 ./os/hal/chcore.o
 .debug_frame   0x00000000       0x20 ./os/hal/chcore.o
 .text          0x00000000        0x0 ./os/hal/chcore_v7m.o
 .data          0x00000000        0x0 ./os/hal/chcore_v7m.o
 .bss           0x00000000        0x0 ./os/hal/chcore_v7m.o
 .text          0x00000000        0x0 ./os/hal/crt0.o
 .data          0x00000000        0x0 ./os/hal/crt0.o
 .bss           0x00000000        0x0 ./os/hal/crt0.o
 .text          0x00000000        0x0 ./os/hal/hal.o
 .data          0x00000000        0x0 ./os/hal/hal.o
 .bss           0x00000000        0x0 ./os/hal/hal.o
 .text          0x00000000        0x0 ./os/hal/hal_lld.o
 .data          0x00000000        0x0 ./os/hal/hal_lld.o
 .bss           0x00000000        0x0 ./os/hal/hal_lld.o
 .text          0x00000000        0x0 ./os/hal/nvic.o
 .data          0x00000000        0x0 ./os/hal/nvic.o
 .bss           0x00000000        0x0 ./os/hal/nvic.o
 .text.nvicDisableVector
                0x00000000       0x3c ./os/hal/nvic.o
 .text          0x00000000        0x0 ./os/hal/stm32_dma.o
 .data          0x00000000        0x0 ./os/hal/stm32_dma.o
 .bss           0x00000000        0x0 ./os/hal/stm32_dma.o
 .text.dmaStreamRelease
                0x00000000       0x58 ./os/hal/stm32_dma.o
 .text          0x00000000        0x0 ./os/hal/vectors.o
 .data          0x00000000        0x0 ./os/hal/vectors.o
 .bss           0x00000000        0x0 ./os/hal/vectors.o
 .group         0x00000000        0x8 ./kl_lib/SimpleSensors.o
 .group         0x00000000        0x8 ./kl_lib/SimpleSensors.o
 .text          0x00000000        0x0 ./kl_lib/SimpleSensors.o
 .data          0x00000000        0x0 ./kl_lib/SimpleSensors.o
 .bss           0x00000000        0x0 ./kl_lib/SimpleSensors.o
 .text._init    0x00000000        0x2 ./kl_lib/SimpleSensors.o
 .text          0x00000000        0x0 ./kl_lib/clocking_L1xx.o
 .data          0x00000000        0x0 ./kl_lib/clocking_L1xx.o
 .bss           0x00000000        0x0 ./kl_lib/clocking_L1xx.o
 .text._ZN5Clk_t9EnableHSEEv
                0x00000000       0x28 ./kl_lib/clocking_L1xx.o
 .text._ZN5Clk_t9EnableHSIEv
                0x00000000       0x28 ./kl_lib/clocking_L1xx.o
 .text._ZN5Clk_t9EnablePLLEv
                0x00000000       0x28 ./kl_lib/clocking_L1xx.o
 .text._ZN5Clk_t9EnableMSIEv
                0x00000000       0x28 ./kl_lib/clocking_L1xx.o
 .text._ZN5Clk_t16SetupBusDividersE8AHBDiv_t8APBDiv_tS1_
                0x00000000       0x24 ./kl_lib/clocking_L1xx.o
 .text._ZN5Clk_t11SwitchToHSIEv
                0x00000000       0x2c ./kl_lib/clocking_L1xx.o
 .text._ZN5Clk_t11SwitchToHSEEv
                0x00000000       0x2c ./kl_lib/clocking_L1xx.o
 .text._ZN5Clk_t11SwitchToPLLEv
                0x00000000       0x34 ./kl_lib/clocking_L1xx.o
 .text._ZN5Clk_t11SwitchToMSIEv
                0x00000000       0x24 ./kl_lib/clocking_L1xx.o
 .text._ZN5Clk_t14SetupPLLMulDivE8PllMul_t8PllDiv_t
                0x00000000       0x2c ./kl_lib/clocking_L1xx.o
 .text._ZN5Clk_t17SetupFlashLatencyEh
                0x00000000       0x48 ./kl_lib/clocking_L1xx.o
 .group         0x00000000        0x8 ./kl_lib/keys.o
 .text          0x00000000        0x0 ./kl_lib/keys.o
 .data          0x00000000        0x0 ./kl_lib/keys.o
 .bss           0x00000000        0x0 ./kl_lib/keys.o
 .text._init    0x00000000        0x2 ./kl_lib/keys.o
 .group         0x00000000        0x8 ./kl_lib/kl_lib_L15x.o
 .group         0x00000000        0x8 ./kl_lib/kl_lib_L15x.o
 .text          0x00000000        0x0 ./kl_lib/kl_lib_L15x.o
 .data          0x00000000        0x0 ./kl_lib/kl_lib_L15x.o
 .bss           0x00000000        0x0 ./kl_lib/kl_lib_L15x.o
 .text._Z16i2cDmaIrqHandlerPvm
                0x00000000       0x1e ./kl_lib/kl_lib_L15x.o
 .text._init    0x00000000        0x2 ./kl_lib/kl_lib_L15x.o
 .text._ZN7Flash_t20WaitForLastOperationEv
                0x00000000       0x30 ./kl_lib/kl_lib_L15x.o
 .text._ZN7Flash_t8UnlockEEEv
                0x00000000       0x3c ./kl_lib/kl_lib_L15x.o
 .text._ZN5i2c_t7StandbyEv
                0x00000000       0x7c ./kl_lib/kl_lib_L15x.o
 .text._ZN5i2c_t6ResumeEv
                0x00000000       0xd0 ./kl_lib/kl_lib_L15x.o
 .text._ZN5i2c_t4InitEP11I2C_TypeDefP12GPIO_TypeDefttmPK18stm32_dma_stream_tS6_
                0x00000000       0x5c ./kl_lib/kl_lib_L15x.o
 .text._ZN5i2c_t5ResetEv
                0x00000000       0x12 ./kl_lib/kl_lib_L15x.o
 .text._ZN5i2c_t9IBusyWaitEv
                0x00000000       0x2a ./kl_lib/kl_lib_L15x.o
 .text._ZN5i2c_t7WaitEv5Ev
                0x00000000       0x24 ./kl_lib/kl_lib_L15x.o
 .text._ZN5i2c_t7WaitEv6Ev
                0x00000000       0x1e ./kl_lib/kl_lib_L15x.o
 .text._ZN5i2c_t7WaitEv8Ev
                0x00000000       0x1a ./kl_lib/kl_lib_L15x.o
 .text._ZN5i2c_t6WaitRxEv
                0x00000000       0x18 ./kl_lib/kl_lib_L15x.o
 .text._ZN5i2c_t8WaitStopEv
                0x00000000       0x18 ./kl_lib/kl_lib_L15x.o
 .text._ZN5i2c_t7WaitBTFEv
                0x00000000       0x18 ./kl_lib/kl_lib_L15x.o
 .text._ZN5i2c_t12CmdWriteReadEhPhhS0_h
                0x00000000      0x188 ./kl_lib/kl_lib_L15x.o
 .text._ZN5i2c_t13CmdWriteWriteEhPhhS0_h
                0x00000000      0x130 ./kl_lib/kl_lib_L15x.o
 .text._ZN8Eeprom_t7Write32Emm
                0x00000000       0x30 ./kl_lib/kl_lib_L15x.o
 .text._ZN8Eeprom_t7ReadBufEPvmm
                0x00000000       0x22 ./kl_lib/kl_lib_L15x.o
 .text._ZN8Eeprom_t8WriteBufEPvmm
                0x00000000       0x48 ./kl_lib/kl_lib_L15x.o
 .text          0x00000000        0x0 ./kl_lib/kl_sprintf.o
 .data          0x00000000        0x0 ./kl_lib/kl_sprintf.o
 .bss           0x00000000        0x0 ./kl_lib/kl_sprintf.o
 .text          0x00000000        0x0 ./kl_lib/uart.o
 .data          0x00000000        0x0 ./kl_lib/uart.o
 .bss           0x00000000        0x0 ./kl_lib/uart.o
 .text._init    0x00000000        0x2 ./kl_lib/uart.o
 .text.PrintfC  0x00000000       0x2c ./kl_lib/uart.o
 .text._ZN9CmdUart_t7PrintfIEPKcz
                0x00000000       0x1a ./kl_lib/uart.o
 .text          0x00000000        0x0 ./lcd1200.o
 .data          0x00000000        0x0 ./lcd1200.o
 .bss           0x00000000        0x0 ./lcd1200.o
 .text._ZL15FLcdPutFontCharc
                0x00000000       0x10 ./lcd1200.o
 .text._init    0x00000000        0x2 ./lcd1200.o
 .text._ZN5Lcd_t8ShutdownEv
                0x00000000       0x44 ./lcd1200.o
 .text._ZN5Lcd_t9WriteDataEh
                0x00000000       0x4c ./lcd1200.o
 .text._ZN5Lcd_t9DrawImageEhhPKh
                0x00000000       0x62 ./lcd1200.o
 .text._ZN5Lcd_t7SymbolsEhhz
                0x00000000       0x52 ./lcd1200.o
 .text._ZN5Lcd_t10PrintfFontEPKhhhPKcz
                0x00000000       0xc0 ./lcd1200.o
 .bss.FntBuf    0x00000000       0x10 ./lcd1200.o
 .group         0x00000000        0x8 ./main.o
 .group         0x00000000        0x8 ./main.o
 .group         0x00000000        0x8 ./main.o
 .group         0x00000000        0x8 ./main.o
 .group         0x00000000        0x8 ./main.o
 .group         0x00000000        0x8 ./main.o
 .group         0x00000000        0x8 ./main.o
 .group         0x00000000        0x8 ./main.o
 .group         0x00000000        0x8 ./main.o
 .group         0x00000000        0x8 ./main.o
 .group         0x00000000        0x8 ./main.o
 .text          0x00000000        0x0 ./main.o
 .data          0x00000000        0x0 ./main.o
 .bss           0x00000000        0x0 ./main.o
 .text._init    0x00000000        0x2 ./main.o
 .text          0x00000000        0x0 c:/ostrannastudio/tools/gcc/bin/../lib/gcc/arm-none-eabi/4.8.3/../../../../arm-none-eabi/lib/armv7-m\libg.a(lib_a-memset.o)
 .data          0x00000000        0x0 c:/ostrannastudio/tools/gcc/bin/../lib/gcc/arm-none-eabi/4.8.3/../../../../arm-none-eabi/lib/armv7-m\libg.a(lib_a-memset.o)
 .bss           0x00000000        0x0 c:/ostrannastudio/tools/gcc/bin/../lib/gcc/arm-none-eabi/4.8.3/../../../../arm-none-eabi/lib/armv7-m\libg.a(lib_a-memset.o)

Memory Configuration

Name             Origin             Length             Attributes
flash            0x08000000         0x00020000
ram              0x20000000         0x00004000
*default*        0x00000000         0xffffffff

Linker script and memory map

LOAD ./os/kernel/src/chcond.o
LOAD ./os/kernel/src/chdebug.o
LOAD ./os/kernel/src/chdynamic.o
LOAD ./os/kernel/src/chevents.o
LOAD ./os/kernel/src/chheap.o
LOAD ./os/kernel/src/chlists.o
LOAD ./os/kernel/src/chmboxes.o
LOAD ./os/kernel/src/chmemcore.o
LOAD ./os/kernel/src/chmempools.o
LOAD ./os/kernel/src/chmsg.o
LOAD ./os/kernel/src/chmtx.o
LOAD ./os/kernel/src/chqueues.o
LOAD ./os/kernel/src/chregistry.o
LOAD ./os/kernel/src/chschd.o
LOAD ./os/kernel/src/chsem.o
LOAD ./os/kernel/src/chsys.o
LOAD ./os/kernel/src/chthreads.o
LOAD ./os/kernel/src/chvt.o
LOAD ./os/hal/chcore.o
LOAD ./os/hal/chcore_v7m.o
LOAD ./os/hal/crt0.o
LOAD ./os/hal/hal.o
LOAD ./os/hal/hal_lld.o
LOAD ./os/hal/nvic.o
LOAD ./os/hal/stm32_dma.o
LOAD ./os/hal/vectors.o
LOAD ./kl_lib/SimpleSensors.o
LOAD ./kl_lib/clocking_L1xx.o
LOAD ./kl_lib/keys.o
LOAD ./kl_lib/kl_lib_L15x.o
LOAD ./kl_lib/kl_sprintf.o
LOAD ./kl_lib/uart.o
LOAD ./lcd1200.o
LOAD ./main.o
LOAD c:/ostrannastudio/tools/gcc/bin/../lib/gcc/arm-none-eabi/4.8.3/../../../../arm-none-eabi/lib/armv7-m\libstdc++.a
LOAD c:/ostrannastudio/tools/gcc/bin/../lib/gcc/arm-none-eabi/4.8.3/../../../../arm-none-eabi/lib/armv7-m\libm.a
START GROUP
LOAD c:/ostrannastudio/tools/gcc/bin/../lib/gcc/arm-none-eabi/4.8.3/armv7-m\libgcc.a
LOAD c:/ostrannastudio/tools/gcc/bin/../lib/gcc/arm-none-eabi/4.8.3/../../../../arm-none-eabi/lib/armv7-m\libg.a
LOAD c:/ostrannastudio/tools/gcc/bin/../lib/gcc/arm-none-eabi/4.8.3/../../../../arm-none-eabi/lib/armv7-m\libc.a
END GROUP
                0x00000400                __main_stack_size__ = 0x400
                0x00000400                __process_stack_size__ = 0x400
                0x20000000                __ram_start__ = ORIGIN (ram)
                0x00004000                __ram_size__ = 0x4000
                0x20004000                __ram_end__ = (__ram_start__ + __ram_size__)
                0x00000000                . = 0x0
                0x00000000                _text = .

startup         0x08000000       0xf4
 *(vectors)
 vectors        0x08000000       0xf4 ./os/hal/vectors.o
                0x08000000                _vectors

constructors    0x080000f4        0x8
                0x080000f4                PROVIDE (__init_array_start, .)
 *(SORT(.init_array.*))
 *(.init_array)
 .init_array    0x080000f4        0x4 ./kl_lib/keys.o
 .init_array    0x080000f8        0x4 ./main.o
                0x080000fc                PROVIDE (__init_array_end, .)

destructors     0x080000fc        0x0
                0x080000fc                PROVIDE (__fini_array_start, .)
 *(.fini_array)
 *(SORT(.fini_array.*))
                0x080000fc                PROVIDE (__fini_array_end, .)

.text           0x08000100     0x29dc
 *(.text.startup.*)
 .text.startup._GLOBAL__sub_I_Keys
                0x08000100       0x14 ./kl_lib/keys.o
 *fill*         0x08000114        0xc 
 .text.startup.main
                0x08000120      0x104 ./main.o
                0x08000120                main
 *fill*         0x08000224        0xc 
 .text.startup._GLOBAL__sub_I_App
                0x08000230       0x6c ./main.o
 *(.text)
 *(.text.*)
 *fill*         0x0800029c        0x4 
 .text.chEvtSignalI
                0x080002a0       0x40 ./os/kernel/src/chevents.o
                0x080002a0                chEvtSignalI
 .text.chEvtWaitAny
                0x080002e0       0x34 ./os/kernel/src/chevents.o
                0x080002e0                chEvtWaitAny
 *fill*         0x08000314        0xc 
 .text._scheduler_init
                0x08000320       0x14 ./os/kernel/src/chschd.o
                0x08000320                _scheduler_init
 *fill*         0x08000334        0xc 
 .text.chSchReadyI
                0x08000340       0x38 ./os/kernel/src/chschd.o
                0x08000340                chSchReadyI
 *fill*         0x08000378        0x8 
 .text.wakeup   0x08000380       0x34 ./os/kernel/src/chschd.o
 *fill*         0x080003b4        0xc 
 .text.chSchGoSleepS
                0x080003c0       0x20 ./os/kernel/src/chschd.o
                0x080003c0                chSchGoSleepS
 .text.chSchGoSleepTimeoutS
                0x080003e0       0x3c ./os/kernel/src/chschd.o
                0x080003e0                chSchGoSleepTimeoutS
 *fill*         0x0800041c        0x4 
 .text.chSchWakeupS
                0x08000420       0x38 ./os/kernel/src/chschd.o
                0x08000420                chSchWakeupS
 *fill*         0x08000458        0x8 
 .text.chSchDoRescheduleBehind
                0x08000460       0x30 ./os/kernel/src/chschd.o
                0x08000460                chSchDoRescheduleBehind
 .text.chSchDoRescheduleAhead
                0x08000490       0x38 ./os/kernel/src/chschd.o
                0x08000490                chSchDoRescheduleAhead
 *fill*         0x080004c8        0x8 
 .text.chSchDoReschedule
                0x080004d0       0x14 ./os/kernel/src/chschd.o
                0x080004d0                chSchDoReschedule
 *fill*         0x080004e4        0xc 
 .text._idle_thread
                0x080004f0       0x14 ./os/kernel/src/chsys.o
                0x080004f0                _idle_thread
 *fill*         0x08000504        0xc 
 .text.chSysInit
                0x08000510       0x58 ./os/kernel/src/chsys.o
                0x08000510                chSysInit
 *fill*         0x08000568        0x8 
 .text.chSysTimerHandlerI
                0x08000570       0x50 ./os/kernel/src/chsys.o
                0x08000570                chSysTimerHandlerI
 .text._thread_init
                0x080005c0       0x24 ./os/kernel/src/chthreads.o
                0x080005c0                _thread_init
 *fill*         0x080005e4        0xc 
 .text.chThdCreateI
                0x080005f0       0x48 ./os/kernel/src/chthreads.o
                0x080005f0                chThdCreateI
 *fill*         0x08000638        0x8 
 .text.chThdCreateStatic
                0x08000640       0x28 ./os/kernel/src/chthreads.o
                0x08000640                chThdCreateStatic
 *fill*         0x08000668        0x8 
 .text.chThdSleep
                0x08000670       0x28 ./os/kernel/src/chthreads.o
                0x08000670                chThdSleep
 *fill*         0x08000698        0x8 
 .text.chThdExitS
                0x080006a0       0x30 ./os/kernel/src/chthreads.o
                0x080006a0                chThdExitS
 .text.chThdExit
                0x080006d0        0xa ./os/kernel/src/chthreads.o
                0x080006d0                chThdExit
 *fill*         0x080006da        0x6 
 .text._vt_init
                0x080006e0       0x18 ./os/kernel/src/chvt.o
                0x080006e0                _vt_init
 *fill*         0x080006f8        0x8 
 .text.chVTSetI
                0x08000700       0x4c ./os/kernel/src/chvt.o
                0x08000700                chVTSetI
 *fill*         0x0800074c        0x4 
 .text.chVTResetI
                0x08000750       0x40 ./os/kernel/src/chvt.o
                0x08000750                chVTResetI
 .text._port_switch_from_isr
                0x08000790        0x6 ./os/hal/chcore_v7m.o
                0x08000790                _port_switch_from_isr
 *fill*         0x08000796        0xa 
 .text.SVCallVector
                0x080007a0       0x12 ./os/hal/chcore_v7m.o
                0x080007a0                SVCallVector
 *fill*         0x080007b2        0xe 
 .text._port_init
                0x080007c0       0x34 ./os/hal/chcore_v7m.o
                0x080007c0                _port_init
 *fill*         0x080007f4        0xc 
 .text._port_irq_epilogue
                0x08000800       0x68 ./os/hal/chcore_v7m.o
                0x08000800                _port_irq_epilogue
 *fill*         0x08000868        0x8 
 .text.SysTickVector
                0x08000870       0x1a ./os/hal/chcore_v7m.o
                0x08000870                SysTickVector
 *fill*         0x0800088a        0x6 
 .text._port_switch
                0x08000890       0x10 ./os/hal/chcore_v7m.o
                0x08000890                _port_switch
 .text._port_thread_start
                0x080008a0       0x10 ./os/hal/chcore_v7m.o
                0x080008a0                _port_thread_start
 .text.__early_init
                0x080008b0        0x2 ./os/hal/crt0.o
                0x080008b0                __early_init
 *fill*         0x080008b2        0xe 
 .text.__late_init
                0x080008c0        0x2 ./os/hal/crt0.o
                0x080008c0                __late_init
 *fill*         0x080008c2        0xe 
 .text._default_exit
                0x080008d0        0x2 ./os/hal/crt0.o
                0x080008d0                _default_exit
 *fill*         0x080008d2        0xe 
 .text.ResetHandler
                0x080008e0       0xc0 ./os/hal/crt0.o
                0x080008e0                ResetHandler
 .text.halInit  0x080009a0        0x4 ./os/hal/hal.o
                0x080009a0                halInit
 *fill*         0x080009a4        0xc 
 .text.hal_lld_init
                0x080009b0       0x64 ./os/hal/hal_lld.o
                0x080009b0                hal_lld_init
 *fill*         0x08000a14        0xc 
 .text.nvicEnableVector
                0x08000a20       0x46 ./os/hal/nvic.o
                0x08000a20                nvicEnableVector
 *fill*         0x08000a66        0xa 
 .text.nvicSetSystemHandlerPriority
                0x08000a70       0x26 ./os/hal/nvic.o
                0x08000a70                nvicSetSystemHandlerPriority
 *fill*         0x08000a96        0xa 
 .text.Vector6C
                0x08000aa0       0x28 ./os/hal/stm32_dma.o
                0x08000aa0                Vector6C
 *fill*         0x08000ac8        0x8 
 .text.Vector70
                0x08000ad0       0x28 ./os/hal/stm32_dma.o
                0x08000ad0                Vector70
 *fill*         0x08000af8        0x8 
 .text.Vector74
                0x08000b00       0x2c ./os/hal/stm32_dma.o
                0x08000b00                Vector74
 *fill*         0x08000b2c        0x4 
 .text.Vector78
                0x08000b30       0x2c ./os/hal/stm32_dma.o
                0x08000b30                Vector78
 *fill*         0x08000b5c        0x4 
 .text.Vector7C
                0x08000b60       0x2c ./os/hal/stm32_dma.o
                0x08000b60                Vector7C
 *fill*         0x08000b8c        0x4 
 .text.Vector80
                0x08000b90       0x2c ./os/hal/stm32_dma.o
                0x08000b90                Vector80
 *fill*         0x08000bbc        0x4 
 .text.Vector84
                0x08000bc0       0x2c ./os/hal/stm32_dma.o
                0x08000bc0                Vector84
 *fill*         0x08000bec        0x4 
 .text.dmaInit  0x08000bf0       0x38 ./os/hal/stm32_dma.o
                0x08000bf0                dmaInit
 *fill*         0x08000c28        0x8 
 .text.dmaStreamAllocate
                0x08000c30       0x88 ./os/hal/stm32_dma.o
                0x08000c30                dmaStreamAllocate
 *fill*         0x08000cb8        0x8 
 .text._unhandled_exception
                0x08000cc0        0x2 ./os/hal/vectors.o
                0x08000cc0                Vector58
                0x08000cc0                VectorE8
                0x08000cc0                Vector9C
                0x08000cc0                VectorAC
                0x08000cc0                Vector5C
                0x08000cc0                NMIVector
                0x08000cc0                Vector8C
                0x08000cc0                VectorDC
                0x08000cc0                VectorC8
                0x08000cc0                Vector94
                0x08000cc0                VectorA8
                0x08000cc0                VectorB4
                0x08000cc0                VectorEC
                0x08000cc0                UsageFaultVector
                0x08000cc0                DebugMonitorVector
                0x08000cc0                Vector40
                0x08000cc0                VectorBC
                0x08000cc0                PendSVVector
                0x08000cc0                Vector64
                0x08000cc0                VectorCC
                0x08000cc0                Vector54
                0x08000cc0                Vector98
                0x08000cc0                VectorD8
                0x08000cc0                Vector24
                0x08000cc0                BusFaultVector
                0x08000cc0                VectorD0
                0x08000cc0                VectorE4
                0x08000cc0                VectorC0
                0x08000cc0                HardFaultVector
                0x08000cc0                VectorF0
                0x08000cc0                VectorE0
                0x08000cc0                MemManageVector
                0x08000cc0                VectorA0
                0x08000cc0                VectorC4
                0x08000cc0                VectorB0
                0x08000cc0                Vector90
                0x08000cc0                Vector60
                0x08000cc0                Vector1C
                0x08000cc0                Vector48
                0x08000cc0                VectorD4
                0x08000cc0                Vector4C
                0x08000cc0                Vector68
                0x08000cc0                _unhandled_exception
                0x08000cc0                Vector88
                0x08000cc0                Vector50
                0x08000cc0                Vector44
                0x08000cc0                Vector28
                0x08000cc0                VectorB8
                0x08000cc0                Vector34
                0x08000cc0                VectorA4
                0x08000cc0                Vector20
 *fill*         0x08000cc2        0xe 
 .text._ZNK10SnsGroup_t4InitEv
                0x08000cd0       0x94 ./kl_lib/SimpleSensors.o
                0x08000cd0                SnsGroup_t::Init() const
 *fill*         0x08000d64        0xc 
 .text._ZNK10SnsGroup_t5CheckEv
                0x08000d70       0xa8 ./kl_lib/SimpleSensors.o
                0x08000d70                SnsGroup_t::Check() const
 *fill*         0x08000e18        0x8 
 .text._ZN9Sensors_t4InitEv
                0x08000e20       0x38 ./kl_lib/SimpleSensors.o
                0x08000e20                Sensors_t::Init()
 *fill*         0x08000e58        0x8 
 .text._ZN9Sensors_t5ITaskEv
                0x08000e60       0x20 ./kl_lib/SimpleSensors.o
                0x08000e60                Sensors_t::ITask()
 .text._ZL13SensorsThreadPv
                0x08000e80       0x1c ./kl_lib/SimpleSensors.o
 *fill*         0x08000e9c        0x4 
 .text._ZN5Clk_t16UpdateFreqValuesEv
                0x08000ea0      0x114 ./kl_lib/clocking_L1xx.o
                0x08000ea0                Clk_t::UpdateFreqValues()
 *fill*         0x08000fb4        0xc 
 .text._Z10SetupVCore7VCore_t
                0x08000fc0       0x34 ./kl_lib/clocking_L1xx.o
                0x08000fc0                SetupVCore(VCore_t)
 *fill*         0x08000ff4        0xc 
 .text._ZL11TimeElapsedPmm
                0x08001000       0x3c ./kl_lib/keys.o
 *fill*         0x0800103c        0x4 
 .text._ZN9CircBuf_tI12KeyEvtInfo_tLm7EE3PutEPS0_
                0x08001040       0x2e ./kl_lib/keys.o
                0x08001040                CircBuf_t<KeyEvtInfo_t, 7ul>::Put(KeyEvtInfo_t*)
 *fill*         0x0800106e        0x2 
 .text._ZN6Keys_t13AddEvtToQueueE12KeyEvtInfo_t
                0x08001070       0x34 ./kl_lib/keys.o
                0x08001070                Keys_t::AddEvtToQueue(KeyEvtInfo_t)
 *fill*         0x080010a4        0xc 
 .text._ZN6Keys_t13AddEvtToQueueE8KeyEvt_th
                0x080010b0       0x38 ./kl_lib/keys.o
                0x080010b0                Keys_t::AddEvtToQueue(KeyEvt_t, unsigned char)
 *fill*         0x080010e8        0x8 
 .text._ZN6Keys_t16ProcessKeysStateEPb
                0x080010f0      0x104 ./kl_lib/keys.o
                0x080010f0                Keys_t::ProcessKeysState(bool*)
 *fill*         0x080011f4        0xc 
 .text._Z15ProcessKeyStatePv
                0x08001200       0x10 ./kl_lib/keys.o
                0x08001200                ProcessKeyState(void*)
 .text._ZL14PinClockEnableP12GPIO_TypeDef
                0x08001210       0x5c ./kl_lib/kl_lib_L15x.o
 *fill*         0x0800126c        0x4 
 .text._ZN9CmdUart_t8PrintNowEPKc.isra.12
                0x08001270       0x1c ./kl_lib/kl_lib_L15x.o
 *fill*         0x0800128c        0x4 
 .text._ZL17PinSetupAlterFuncP12GPIO_TypeDeft12PinOutMode_t15PinPullUpDown_t7PinAF_t10PinSpeed_t.constprop.13
                0x08001290       0x8a ./kl_lib/kl_lib_L15x.o
 *fill*         0x0800131a        0x6 
 .text._ZN7Timer_t9InitClockEP11TIM_TypeDef
                0x08001320       0xb4 ./kl_lib/kl_lib_L15x.o
                0x08001320                Timer_t::InitClock(TIM_TypeDef*)
 *fill*         0x080013d4        0xc 
 .text._ZN7Timer_t7InitPwmEP11TIM_TypeDefP12GPIO_TypeDefthm10Inverted_t
                0x080013e0       0xc4 ./kl_lib/kl_lib_L15x.o
                0x080013e0                Timer_t::InitPwm(TIM_TypeDef*, GPIO_TypeDef*, unsigned short, unsigned char, unsigned long, Inverted_t)
 *fill*         0x080014a4        0xc 
 .text._ZN8PwmPin_t4InitEP12GPIO_TypeDeftP11TIM_TypeDefhtb
                0x080014b0      0x15c ./kl_lib/kl_lib_L15x.o
                0x080014b0                PwmPin_t::Init(GPIO_TypeDef*, unsigned short, TIM_TypeDef*, unsigned char, unsigned short, bool)
 *fill*         0x0800160c        0x4 
 .text._ZN8PwmPin_t9SetFreqHzEm
                0x08001610       0x1a ./kl_lib/kl_lib_L15x.o
                0x08001610                PwmPin_t::SetFreqHz(unsigned long)
 *fill*         0x0800162a        0x6 
 .text.chDbgPanic
                0x08001630       0x2c ./kl_lib/kl_lib_L15x.o
                0x08001630                chDbgPanic
 *fill*         0x0800165c        0x4 
 .text.IPutUint.4105
                0x08001660       0x72 ./kl_lib/kl_sprintf.o
 *fill*         0x080016d2        0xe 
 .text.kl_vsprintf
                0x080016e0      0x160 ./kl_lib/kl_sprintf.o
                0x080016e0                kl_vsprintf
 .text._ZN9CmdUart_t8IPutCharEc
                0x08001840       0x1e ./kl_lib/uart.o
                0x08001840                CmdUart_t::IPutChar(char)
 *fill*         0x0800185e        0x2 
 .text._ZL8FPutCharc
                0x08001860        0xc ./kl_lib/uart.o
 *fill*         0x0800186c        0x4 
 .text._ZN9CmdUart_t11ISendViaDMAEv
                0x08001870       0x3c ./kl_lib/uart.o
                0x08001870                CmdUart_t::ISendViaDMA()
 *fill*         0x080018ac        0x4 
 .text._ZN9CmdUart_t7IPrintfEPKcSt9__va_list
                0x080018b0       0x3c ./kl_lib/uart.o
                0x080018b0                CmdUart_t::IPrintf(char const*, std::__va_list)
 *fill*         0x080018ec        0x4 
 .text._ZN9CmdUart_t6PrintfEPKcz
                0x080018f0       0x26 ./kl_lib/uart.o
                0x080018f0                CmdUart_t::Printf(char const*, ...)
 *fill*         0x08001916        0xa 
 .text._ZN9CmdUart_t4InitEm
                0x08001920       0xd4 ./kl_lib/uart.o
                0x08001920                CmdUart_t::Init(unsigned long)
 *fill*         0x080019f4        0xc 
 .text._ZN9CmdUart_t15IRQDmaTxHandlerEv
                0x08001a00       0x6c ./kl_lib/uart.o
                0x08001a00                CmdUart_t::IRQDmaTxHandler()
 *fill*         0x08001a6c        0x4 
 .text.CmdUartTxIrq
                0x08001a70        0xc ./kl_lib/uart.o
                0x08001a70                CmdUartTxIrq
 *fill*         0x08001a7c        0x4 
 .text._ZL11PinSetupOutP12GPIO_TypeDeft12PinOutMode_t15PinPullUpDown_t10PinSpeed_t.constprop.13
                0x08001a80       0x5c ./lcd1200.o
 *fill*         0x08001adc        0x4 
 .text._ZN5Lcd_t8WriteCmdEh
                0x08001ae0       0x4c ./lcd1200.o
                0x08001ae0                Lcd_t::WriteCmd(unsigned char)
 *fill*         0x08001b2c        0x4 
 .text._ZN5Lcd_t8DrawCharEh8Invert_t
                0x08001b30       0x48 ./lcd1200.o
                0x08001b30                Lcd_t::DrawChar(unsigned char, Invert_t)
 *fill*         0x08001b78        0x8 
 .text._ZL11FLcdPutCharc
                0x08001b80       0x10 ./lcd1200.o
 .text._ZN5Lcd_t6PrintfEhhPKcz
                0x08001b90       0x38 ./lcd1200.o
                0x08001b90                Lcd_t::Printf(unsigned char, unsigned char, char const*, ...)
 *fill*         0x08001bc8        0x8 
 .text._ZN5Lcd_t3ClsEv
                0x08001bd0       0x12 ./lcd1200.o
                0x08001bd0                Lcd_t::Cls()
 *fill*         0x08001be2        0xe 
 .text._ZN5Lcd_t4InitEv
                0x08001bf0      0x1e4 ./lcd1200.o
                0x08001bf0                Lcd_t::Init()
 *fill*         0x08001dd4        0xc 
 .text._ZL27GeneralSequencerTmrCallbackPv
                0x08001de0       0x16 ./main.o
 *fill*         0x08001df6        0xa 
 .text._ZN8Beeper_t10ISwitchOffEv
                0x08001e00        0x8 ./main.o
                0x08001e00                Beeper_t::ISwitchOff()
 *fill*         0x08001e08        0x8 
 .text._ZN8Beeper_t6ISetupEv
                0x08001e10       0x24 ./main.o
                0x08001e10                Beeper_t::ISetup()
 *fill*         0x08001e34        0xc 
 .text._ZN15BaseSequencer_tI11BeepChunk_tE17IProcessSequenceIEv
                0x08001e40       0x70 ./main.o
                0x08001e40                BaseSequencer_t<BeepChunk_t>::IProcessSequenceI()
 .text._ZNK12LedChnlTmr_tILm255EL10Inverted_t1EE3SetEh
                0x08001eb0        0xc ./main.o
                0x08001eb0                LedChnlTmr_t<255ul, (Inverted_t)1>::Set(unsigned char) const
 *fill*         0x08001ebc        0x4 
 .text._ZN11LedSmooth_t10ISwitchOffEv
                0x08001ec0        0xc ./main.o
                0x08001ec0                LedSmooth_t::ISwitchOff()
 *fill*         0x08001ecc        0x4 
 .text._ZN15BaseSequencer_tI16LedSmoothChunk_tE10SetupDelayEm
                0x08001ed0       0x20 ./main.o
                0x08001ed0                BaseSequencer_t<LedSmoothChunk_t>::SetupDelay(unsigned long)
 .text._ZN11LedSmooth_t6ISetupEv
                0x08001ef0       0x6e ./main.o
                0x08001ef0                LedSmooth_t::ISetup()
 *fill*         0x08001f5e        0x2 
 .text._ZN15BaseSequencer_tI16LedSmoothChunk_tE17IProcessSequenceIEv
                0x08001f60       0x54 ./main.o
                0x08001f60                BaseSequencer_t<LedSmoothChunk_t>::IProcessSequenceI()
 *fill*         0x08001fb4        0xc 
 .text._ZN15BaseSequencer_tI11BeepChunk_tE13StartSequenceEPKS0_
                0x08001fc0       0x1a ./main.o
                0x08001fc0                BaseSequencer_t<BeepChunk_t>::StartSequence(BeepChunk_t const*)
 *fill*         0x08001fda        0x6 
 .text._ZN5App_t5ITaskEv
                0x08001fe0       0x88 ./main.o
                0x08001fe0                App_t::ITask()
 *fill*         0x08002068        0x8 
 .text.memset   0x08002070       0x94 c:/ostrannastudio/tools/gcc/bin/../lib/gcc/arm-none-eabi/4.8.3/../../../../arm-none-eabi/lib/armv7-m\libg.a(lib_a-memset.o)
                0x08002070                memset
 *(.rodata)
 *fill*         0x08002104        0xc 
 .rodata        0x08002110       0x21 ./kl_lib/clocking_L1xx.o
 *(.rodata.*)
 *fill*         0x08002131        0xf 
 .rodata.str1.1
                0x08002140       0x89 ./os/kernel/src/chevents.o
 *fill*         0x080021c9        0x7 
 .rodata.ch_debug
                0x080021d0       0x16 ./os/kernel/src/chregistry.o
                0x080021d0                ch_debug
 *fill*         0x080021e6        0xa 
 .rodata.str1.1
                0x080021f0       0x12 ./os/kernel/src/chschd.o
 *fill*         0x08002202        0xe 
 .rodata.str1.1
                0x08002210        0x5 ./os/kernel/src/chsys.o
 *fill*         0x08002215        0xb 
 .rodata.str1.1
                0x08002220       0x58 ./os/kernel/src/chthreads.o
 *fill*         0x08002278        0x8 
 .rodata.str1.1
                0x08002280       0x2d ./os/kernel/src/chvt.o
 *fill*         0x080022ad        0x3 
 .rodata.str1.1
                0x080022b0       0x42 ./os/hal/stm32_dma.o
 *fill*         0x080022f2        0xe 
 .rodata._stm32_dma_streams
                0x08002300       0x54 ./os/hal/stm32_dma.o
                0x08002300                _stm32_dma_streams
 *fill*         0x08002354        0xc 
 .rodata._ZL12SnsGroupMSns
                0x08002360       0x18 ./kl_lib/SimpleSensors.o
 *fill*         0x08002378        0x8 
 .rodata._ZL11SnsGroupKey
                0x08002380       0x18 ./kl_lib/SimpleSensors.o
 *fill*         0x08002398        0x8 
 .rodata._ZL13MSnsGroupData
                0x080023a0       0x10 ./kl_lib/SimpleSensors.o
 .rodata.str1.1
                0x080023b0        0x8 ./kl_lib/SimpleSensors.o
 *fill*         0x080023b8        0x8 
 .rodata._ZL15SnsKeyGroupData
                0x080023c0       0x20 ./kl_lib/SimpleSensors.o
 .rodata.str1.1
                0x080023e0        0x5 ./kl_lib/kl_lib_L15x.o
 *fill*         0x080023e5        0xb 
 .rodata._ZL13Font_6x8_Data
                0x080023f0      0x600 ./lcd1200.o
 .rodata._ZTV8Beeper_t
                0x080029f0       0x18 ./main.o
                0x080029f0                vtable for Beeper_t
 *fill*         0x08002a08        0x8 
 .rodata._ZTV11LedSmooth_t
                0x08002a10       0x18 ./main.o
                0x08002a10                vtable for LedSmooth_t
 *fill*         0x08002a28        0x8 
 .rodata._ZL11bsqBeepBeep
                0x08002a30       0x38 ./main.o
 *fill*         0x08002a68        0x8 
 .rodata.str1.1
                0x08002a70       0x32 ./main.o
 *fill*         0x08002aa2        0xe 
 .rodata._ZL9lsqFadeIn
                0x08002ab0        0xc ./main.o
 *fill*         0x08002abc        0x4 
 .rodata._ZL9bsqButton
                0x08002ac0       0x1c ./main.o
 *(.glue_7t)
 .glue_7t       0x00000000        0x0 linker stubs
 *(.glue_7)
 .glue_7        0x00000000        0x0 linker stubs
 *(.gcc*)

.vfp11_veneer   0x08002adc        0x0
 .vfp11_veneer  0x00000000        0x0 linker stubs

.v4_bx          0x08002adc        0x0
 .v4_bx         0x00000000        0x0 linker stubs

.iplt           0x08002adc        0x0
 .iplt          0x00000000        0x0 ./os/kernel/src/chcond.o

.rel.dyn        0x08002adc        0x0
 .rel.iplt      0x00000000        0x0 ./os/kernel/src/chcond.o

.ARM.extab
 *(.ARM.extab* .gnu.linkonce.armextab.*)

.ARM.exidx      0x08002adc        0x0
                0x08002adc                PROVIDE (__exidx_start, .)
 *(.ARM.exidx* .gnu.linkonce.armexidx.*)
                0x08002adc                PROVIDE (__exidx_end, .)

.eh_frame_hdr
 *(.eh_frame_hdr)

.eh_frame
 *(.eh_frame)

.textalign      0x08002adc        0x4
                0x08002ae0                . = ALIGN (0x8)
 *fill*         0x08002adc        0x4 
                0x08002ae0                _etext = .
                0x08002ae0                _textdata = _etext

.stacks         0x20000000      0x800
                0x20000000                . = ALIGN (0x8)
                0x20000000                __main_stack_base__ = .
                0x20000400                . = (. + __main_stack_size__)
 *fill*         0x20000000      0x400 
                0x20000400                . = ALIGN (0x8)
                0x20000400                __main_stack_end__ = .
                0x20000400                __process_stack_base__ = .
                0x20000400                __main_thread_stack_base__ = .
                0x20000800                . = (. + __process_stack_size__)
 *fill*         0x20000400      0x400 
                0x20000800                . = ALIGN (0x8)
                0x20000800                __process_stack_end__ = .
                0x20000800                __main_thread_stack_end__ = .

.data           0x20000800        0x0 load address 0x08002ae0
                0x20000800                . = ALIGN (0x4)
                0x20000800                PROVIDE (_data, .)
 *(.data)
                0x20000800                . = ALIGN (0x4)
 *(.data.*)
                0x20000800                . = ALIGN (0x4)
 *(.ramtext)
                0x20000800                . = ALIGN (0x4)
                0x20000800                PROVIDE (_edata, .)

.igot.plt       0x20000800        0x0 load address 0x08002ae0
 .igot.plt      0x00000000        0x0 ./os/kernel/src/chcond.o

.bss            0x20000800      0xfd0 load address 0x08002ae0
                0x20000800                . = ALIGN (0x4)
                0x20000800                PROVIDE (_bss_start, .)
 *(.bss)
                0x20000800                . = ALIGN (0x4)
 *(.bss.*)
 .bss.mainthread.4583
                0x20000800       0x28 ./os/kernel/src/chsys.o
 .bss.dma_isr_redir
                0x20000828       0x38 ./os/hal/stm32_dma.o
 .bss.dma_streams_mask
                0x20000860        0x4 ./os/hal/stm32_dma.o
 .bss._ZL12SnsMSnsWasHi
                0x20000864        0x2 ./kl_lib/SimpleSensors.o
 *fill*         0x20000866        0x2 
 .bss._ZL15waSensorsThread
                0x20000868      0x110 ./kl_lib/SimpleSensors.o
 .bss._ZL12SnsKeysWasHi
                0x20000978        0x4 ./kl_lib/SimpleSensors.o
 .bss.Sensors   0x2000097c        0x1 ./kl_lib/SimpleSensors.o
                0x2000097c                Sensors
 .bss.VCore     0x2000097d        0x1 ./kl_lib/clocking_L1xx.o
                0x2000097d                VCore
 *fill*         0x2000097e        0x2 
 .bss.Clk       0x20000980        0xc ./kl_lib/clocking_L1xx.o
                0x20000980                Clk
 .bss.Keys      0x2000098c       0x50 ./kl_lib/keys.o
                0x2000098c                Keys
 .bss.Uart      0x200009dc      0x5f0 ./kl_lib/uart.o
                0x200009dc                Uart
 .bss.Lcd       0x20000fcc      0x6d0 ./lcd1200.o
                0x20000fcc                Lcd
 .bss.Beeper    0x2000169c       0x2c ./main.o
                0x2000169c                Beeper
 .bss.Led       0x200016c8       0x34 ./main.o
                0x200016c8                Led
 .bss.App       0x200016fc        0x8 ./main.o
                0x200016fc                App
                0x20001704                . = ALIGN (0x4)
 *(COMMON)
 COMMON         0x20001704       0x1c ./os/kernel/src/chschd.o
                0x20001704                rlist
 COMMON         0x20001720       0xa0 ./os/kernel/src/chsys.o
                0x20001720                _idle_thread_wa
 COMMON         0x200017c0       0x10 ./os/kernel/src/chvt.o
                0x200017c0                vtlist
                0x200017d0                . = ALIGN (0x4)
                0x200017d0                PROVIDE (_bss_end, .)
                0x200017d0                PROVIDE (end, .)
                0x200017d0                _end = .
                0x200017d0                __heap_base__ = _end
                0x20004000                __heap_end__ = __ram_end__
OUTPUT(SalemBox.elf elf32-littlearm)

.debug_info     0x00000000    0x126fc
 .debug_info    0x00000000      0xac0 ./os/kernel/src/chevents.o
 .debug_info    0x00000ac0      0x4f6 ./os/kernel/src/chregistry.o
 .debug_info    0x00000fb6      0x869 ./os/kernel/src/chschd.o
 .debug_info    0x0000181f      0x701 ./os/kernel/src/chsys.o
 .debug_info    0x00001f20      0x99b ./os/kernel/src/chthreads.o
 .debug_info    0x000028bb      0x2a1 ./os/kernel/src/chvt.o
 .debug_info    0x00002b5c      0x6f5 ./os/hal/chcore_v7m.o
 .debug_info    0x00003251      0x2a9 ./os/hal/crt0.o
 .debug_info    0x000034fa       0xc4 ./os/hal/hal.o
 .debug_info    0x000035be      0x598 ./os/hal/hal_lld.o
 .debug_info    0x00003b56      0x3fb ./os/hal/nvic.o
 .debug_info    0x00003f51      0x6fc ./os/hal/stm32_dma.o
 .debug_info    0x0000464d      0x1c1 ./os/hal/vectors.o
 .debug_info    0x0000480e     0x1692 ./kl_lib/SimpleSensors.o
 .debug_info    0x00005ea0      0xb70 ./kl_lib/clocking_L1xx.o
 .debug_info    0x00006a10     0x166e ./kl_lib/keys.o
 .debug_info    0x0000807e     0x307a ./kl_lib/kl_lib_L15x.o
 .debug_info    0x0000b0f8      0x33d ./kl_lib/kl_sprintf.o
 .debug_info    0x0000b435     0x14fa ./kl_lib/uart.o
 .debug_info    0x0000c92f     0x2845 ./lcd1200.o
 .debug_info    0x0000f174     0x3588 ./main.o

.debug_abbrev   0x00000000     0x3c90
 .debug_abbrev  0x00000000      0x2c1 ./os/kernel/src/chevents.o
 .debug_abbrev  0x000002c1      0x142 ./os/kernel/src/chregistry.o
 .debug_abbrev  0x00000403      0x2f4 ./os/kernel/src/chschd.o
 .debug_abbrev  0x000006f7      0x205 ./os/kernel/src/chsys.o
 .debug_abbrev  0x000008fc      0x272 ./os/kernel/src/chthreads.o
 .debug_abbrev  0x00000b6e      0x16f ./os/kernel/src/chvt.o
 .debug_abbrev  0x00000cdd      0x1d9 ./os/hal/chcore_v7m.o
 .debug_abbrev  0x00000eb6       0xf4 ./os/hal/crt0.o
 .debug_abbrev  0x00000faa       0x88 ./os/hal/hal.o
 .debug_abbrev  0x00001032      0x183 ./os/hal/hal_lld.o
 .debug_abbrev  0x000011b5      0x10e ./os/hal/nvic.o
 .debug_abbrev  0x000012c3      0x230 ./os/hal/stm32_dma.o
 .debug_abbrev  0x000014f3       0xaf ./os/hal/vectors.o
 .debug_abbrev  0x000015a2      0x4c8 ./kl_lib/SimpleSensors.o
 .debug_abbrev  0x00001a6a      0x26c ./kl_lib/clocking_L1xx.o
 .debug_abbrev  0x00001cd6      0x4fd ./kl_lib/keys.o
 .debug_abbrev  0x000021d3      0x745 ./kl_lib/kl_lib_L15x.o
 .debug_abbrev  0x00002918      0x157 ./kl_lib/kl_sprintf.o
 .debug_abbrev  0x00002a6f      0x468 ./kl_lib/uart.o
 .debug_abbrev  0x00002ed7      0x596 ./lcd1200.o
 .debug_abbrev  0x0000346d      0x823 ./main.o

.debug_loc      0x00000000     0x434c
 .debug_loc     0x00000000      0x4c4 ./os/kernel/src/chevents.o
 .debug_loc     0x000004c4       0x21 ./os/kernel/src/chregistry.o
 .debug_loc     0x000004e5      0x2a2 ./os/kernel/src/chschd.o
 .debug_loc     0x00000787       0x26 ./os/kernel/src/chsys.o
 .debug_loc     0x000007ad      0x2e0 ./os/kernel/src/chthreads.o
 .debug_loc     0x00000a8d      0x142 ./os/kernel/src/chvt.o
 .debug_loc     0x00000bcf       0x4d ./os/hal/chcore_v7m.o
 .debug_loc     0x00000c1c      0x14b ./os/hal/crt0.o
 .debug_loc     0x00000d67      0x16a ./os/hal/nvic.o
 .debug_loc     0x00000ed1      0x174 ./os/hal/stm32_dma.o
 .debug_loc     0x00001045      0x335 ./kl_lib/SimpleSensors.o
 .debug_loc     0x0000137a      0x5c5 ./kl_lib/clocking_L1xx.o
 .debug_loc     0x0000193f      0x30f ./kl_lib/keys.o
 .debug_loc     0x00001c4e     0x13ed ./kl_lib/kl_lib_L15x.o
 .debug_loc     0x0000303b      0x322 ./kl_lib/kl_sprintf.o
 .debug_loc     0x0000335d      0x201 ./kl_lib/uart.o
 .debug_loc     0x0000355e      0xa2b ./lcd1200.o
 .debug_loc     0x00003f89      0x3c3 ./main.o

.debug_aranges  0x00000000      0x730
 .debug_aranges
                0x00000000       0x88 ./os/kernel/src/chevents.o
 .debug_aranges
                0x00000088       0x28 ./os/kernel/src/chregistry.o
 .debug_aranges
                0x000000b0       0x68 ./os/kernel/src/chschd.o
 .debug_aranges
                0x00000118       0x30 ./os/kernel/src/chsys.o
 .debug_aranges
                0x00000148       0x70 ./os/kernel/src/chthreads.o
 .debug_aranges
                0x000001b8       0x38 ./os/kernel/src/chvt.o
 .debug_aranges
                0x000001f0       0x50 ./os/hal/chcore_v7m.o
 .debug_aranges
                0x00000240       0x38 ./os/hal/crt0.o
 .debug_aranges
                0x00000278       0x20 ./os/hal/hal.o
 .debug_aranges
                0x00000298       0x20 ./os/hal/hal_lld.o
 .debug_aranges
                0x000002b8       0x30 ./os/hal/nvic.o
 .debug_aranges
                0x000002e8       0x68 ./os/hal/stm32_dma.o
 .debug_aranges
                0x00000350       0x20 ./os/hal/vectors.o
 .debug_aranges
                0x00000370       0x48 ./kl_lib/SimpleSensors.o
 .debug_aranges
                0x000003b8       0x80 ./kl_lib/clocking_L1xx.o
 .debug_aranges
                0x00000438       0x58 ./kl_lib/keys.o
 .debug_aranges
                0x00000490       0xf8 ./kl_lib/kl_lib_L15x.o
 .debug_aranges
                0x00000588       0x28 ./kl_lib/kl_sprintf.o
 .debug_aranges
                0x000005b0       0x70 ./kl_lib/uart.o
 .debug_aranges
                0x00000620       0x88 ./lcd1200.o
 .debug_aranges
                0x000006a8       0x88 ./main.o

.debug_ranges   0x00000000      0xcd8
 .debug_ranges  0x00000000       0x78 ./os/kernel/src/chevents.o
 .debug_ranges  0x00000078       0x18 ./os/kernel/src/chregistry.o
 .debug_ranges  0x00000090       0xc8 ./os/kernel/src/chschd.o
 .debug_ranges  0x00000158       0x20 ./os/kernel/src/chsys.o
 .debug_ranges  0x00000178       0x78 ./os/kernel/src/chthreads.o
 .debug_ranges  0x000001f0       0x28 ./os/kernel/src/chvt.o
 .debug_ranges  0x00000218       0x40 ./os/hal/chcore_v7m.o
 .debug_ranges  0x00000258       0x28 ./os/hal/crt0.o
 .debug_ranges  0x00000280       0x10 ./os/hal/hal.o
 .debug_ranges  0x00000290       0x10 ./os/hal/hal_lld.o
 .debug_ranges  0x000002a0       0x20 ./os/hal/nvic.o
 .debug_ranges  0x000002c0       0x58 ./os/hal/stm32_dma.o
 .debug_ranges  0x00000318       0x10 ./os/hal/vectors.o
 .debug_ranges  0x00000328      0x100 ./kl_lib/SimpleSensors.o
 .debug_ranges  0x00000428      0x100 ./kl_lib/clocking_L1xx.o
 .debug_ranges  0x00000528       0x48 ./kl_lib/keys.o
 .debug_ranges  0x00000570      0x228 ./kl_lib/kl_lib_L15x.o
 .debug_ranges  0x00000798       0x30 ./kl_lib/kl_sprintf.o
 .debug_ranges  0x000007c8       0xe0 ./kl_lib/uart.o
 .debug_ranges  0x000008a8      0x268 ./lcd1200.o
 .debug_ranges  0x00000b10      0x1c8 ./main.o

.debug_line     0x00000000     0x32c5
 .debug_line    0x00000000      0x2a5 ./os/kernel/src/chevents.o
 .debug_line    0x000002a5      0x166 ./os/kernel/src/chregistry.o
 .debug_line    0x0000040b      0x28f ./os/kernel/src/chschd.o
 .debug_line    0x0000069a      0x18e ./os/kernel/src/chsys.o
 .debug_line    0x00000828      0x26b ./os/kernel/src/chthreads.o
 .debug_line    0x00000a93      0x148 ./os/kernel/src/chvt.o
 .debug_line    0x00000bdb      0x190 ./os/hal/chcore_v7m.o
 .debug_line    0x00000d6b       0xf9 ./os/hal/crt0.o
 .debug_line    0x00000e64       0x9a ./os/hal/hal.o
 .debug_line    0x00000efe       0xd6 ./os/hal/hal_lld.o
 .debug_line    0x00000fd4       0xb8 ./os/hal/nvic.o
 .debug_line    0x0000108c      0x20f ./os/hal/stm32_dma.o
 .debug_line    0x0000129b       0x82 ./os/hal/vectors.o
 .debug_line    0x0000131d      0x382 ./kl_lib/SimpleSensors.o
 .debug_line    0x0000169f      0x239 ./kl_lib/clocking_L1xx.o
 .debug_line    0x000018d8      0x31c ./kl_lib/keys.o
 .debug_line    0x00001bf4      0x77c ./kl_lib/kl_lib_L15x.o
 .debug_line    0x00002370      0x18e ./kl_lib/kl_sprintf.o
 .debug_line    0x000024fe      0x346 ./kl_lib/uart.o
 .debug_line    0x00002844      0x564 ./lcd1200.o
 .debug_line    0x00002da8      0x51d ./main.o

.debug_str      0x00000000     0x39cb
 .debug_str     0x00000000      0x3d5 ./os/kernel/src/chevents.o
                                0x43f (size before relaxing)
 .debug_str     0x000003d5      0x13e ./os/kernel/src/chregistry.o
                                0x3c2 (size before relaxing)
 .debug_str     0x00000513      0x137 ./os/kernel/src/chschd.o
                                0x3f6 (size before relaxing)
 .debug_str     0x0000064a       0xb7 ./os/kernel/src/chsys.o
                                0x4a0 (size before relaxing)
 .debug_str     0x00000701       0xa1 ./os/kernel/src/chthreads.o
                                0x426 (size before relaxing)
 .debug_str     0x000007a2       0x35 ./os/kernel/src/chvt.o
                                0x227 (size before relaxing)
 .debug_str     0x000007d7      0x106 ./os/hal/chcore_v7m.o
                                0x3c7 (size before relaxing)
 .debug_str     0x000008dd      0x122 ./os/hal/crt0.o
                                0x275 (size before relaxing)
 .debug_str     0x000009ff       0x32 ./os/hal/hal.o
                                0x190 (size before relaxing)
 .debug_str     0x00000a31      0x5f3 ./os/hal/hal_lld.o
                                0x701 (size before relaxing)
 .debug_str     0x00001024       0x8b ./os/hal/nvic.o
                                0x26f (size before relaxing)
 .debug_str     0x000010af      0x3d9 ./os/hal/stm32_dma.o
                                0x660 (size before relaxing)
 .debug_str     0x00001488      0x11c ./os/hal/vectors.o
                                0x296 (size before relaxing)
 .debug_str     0x000015a4      0x4d3 ./kl_lib/SimpleSensors.o
                                0xdac (size before relaxing)
 .debug_str     0x00001a77      0x139 ./kl_lib/clocking_L1xx.o
                                0x86d (size before relaxing)
 .debug_str     0x00001bb0      0x362 ./kl_lib/keys.o
                                0xea8 (size before relaxing)
 .debug_str     0x00001f12      0xdfa ./kl_lib/kl_lib_L15x.o
                               0x1a4e (size before relaxing)
 .debug_str     0x00002d0c       0x8c ./kl_lib/kl_sprintf.o
                                0x221 (size before relaxing)
 .debug_str     0x00002d98       0x42 ./kl_lib/uart.o
                                0xd2b (size before relaxing)
 .debug_str     0x00002dda      0x375 ./lcd1200.o
                                0xfd5 (size before relaxing)
 .debug_str     0x0000314f      0x87c ./main.o
                               0x2289 (size before relaxing)

.comment        0x00000000       0x70
 .comment       0x00000000       0x70 ./os/kernel/src/chevents.o
                                 0x71 (size before relaxing)
 .comment       0x00000000       0x71 ./os/kernel/src/chregistry.o
 .comment       0x00000000       0x71 ./os/kernel/src/chschd.o
 .comment       0x00000000       0x71 ./os/kernel/src/chsys.o
 .comment       0x00000000       0x71 ./os/kernel/src/chthreads.o
 .comment       0x00000000       0x71 ./os/kernel/src/chvt.o
 .comment       0x00000000       0x71 ./os/hal/chcore_v7m.o
 .comment       0x00000000       0x71 ./os/hal/crt0.o
 .comment       0x00000000       0x71 ./os/hal/hal.o
 .comment       0x00000000       0x71 ./os/hal/hal_lld.o
 .comment       0x00000000       0x71 ./os/hal/nvic.o
 .comment       0x00000000       0x71 ./os/hal/stm32_dma.o
 .comment       0x00000000       0x71 ./os/hal/vectors.o
 .comment       0x00000000       0x71 ./kl_lib/SimpleSensors.o
 .comment       0x00000000       0x71 ./kl_lib/clocking_L1xx.o
 .comment       0x00000000       0x71 ./kl_lib/keys.o
 .comment       0x00000000       0x71 ./kl_lib/kl_lib_L15x.o
 .comment       0x00000000       0x71 ./kl_lib/kl_sprintf.o
 .comment       0x00000000       0x71 ./kl_lib/uart.o
 .comment       0x00000000       0x71 ./lcd1200.o
 .comment       0x00000000       0x71 ./main.o

.ARM.attributes
                0x00000000       0x33
 .ARM.attributes
                0x00000000       0x33 ./os/kernel/src/chevents.o
 .ARM.attributes
                0x00000033       0x33 ./os/kernel/src/chregistry.o
 .ARM.attributes
                0x00000066       0x33 ./os/kernel/src/chschd.o
 .ARM.attributes
                0x00000099       0x33 ./os/kernel/src/chsys.o
 .ARM.attributes
                0x000000cc       0x33 ./os/kernel/src/chthreads.o
 .ARM.attributes
                0x000000ff       0x33 ./os/kernel/src/chvt.o
 .ARM.attributes
                0x00000132       0x33 ./os/hal/chcore_v7m.o
 .ARM.attributes
                0x00000165       0x33 ./os/hal/crt0.o
 .ARM.attributes
                0x00000198       0x33 ./os/hal/hal.o
 .ARM.attributes
                0x000001cb       0x33 ./os/hal/hal_lld.o
 .ARM.attributes
                0x000001fe       0x33 ./os/hal/nvic.o
 .ARM.attributes
                0x00000231       0x33 ./os/hal/stm32_dma.o
 .ARM.attributes
                0x00000264       0x33 ./os/hal/vectors.o
 .ARM.attributes
                0x00000297       0x33 ./kl_lib/SimpleSensors.o
 .ARM.attributes
                0x000002ca       0x33 ./kl_lib/clocking_L1xx.o
 .ARM.attributes
                0x000002fd       0x33 ./kl_lib/keys.o
 .ARM.attributes
                0x00000330       0x33 ./kl_lib/kl_lib_L15x.o
 .ARM.attributes
                0x00000363       0x33 ./kl_lib/kl_sprintf.o
 .ARM.attributes
                0x00000396       0x33 ./kl_lib/uart.o
 .ARM.attributes
                0x000003c9       0x33 ./lcd1200.o
 .ARM.attributes
                0x000003fc       0x33 ./main.o
 .ARM.attributes
                0x0000042f       0x2d c:/ostrannastudio/tools/gcc/bin/../lib/gcc/arm-none-eabi/4.8.3/../../../../arm-none-eabi/lib/armv7-m\libg.a(lib_a-memset.o)

.debug_frame    0x00000000     0x108c
 .debug_frame   0x00000000      0x168 ./os/kernel/src/chevents.o
 .debug_frame   0x00000168       0x30 ./os/kernel/src/chregistry.o
 .debug_frame   0x00000198       0xec ./os/kernel/src/chschd.o
 .debug_frame   0x00000284       0x58 ./os/kernel/src/chsys.o
 .debug_frame   0x000002dc      0x114 ./os/kernel/src/chthreads.o
 .debug_frame   0x000003f0       0x68 ./os/kernel/src/chvt.o
 .debug_frame   0x00000458       0x90 ./os/hal/chcore_v7m.o
 .debug_frame   0x000004e8       0x50 ./os/hal/crt0.o
 .debug_frame   0x00000538       0x20 ./os/hal/hal.o
 .debug_frame   0x00000558       0x20 ./os/hal/hal_lld.o
 .debug_frame   0x00000578       0x54 ./os/hal/nvic.o
 .debug_frame   0x000005cc      0x104 ./os/hal/stm32_dma.o
 .debug_frame   0x000006d0       0x20 ./os/hal/vectors.o
 .debug_frame   0x000006f0       0xac ./kl_lib/SimpleSensors.o
 .debug_frame   0x0000079c      0x120 ./kl_lib/clocking_L1xx.o
 .debug_frame   0x000008bc       0xcc ./kl_lib/keys.o
 .debug_frame   0x00000988      0x28c ./kl_lib/kl_lib_L15x.o
 .debug_frame   0x00000c14       0x54 ./kl_lib/kl_sprintf.o
 .debug_frame   0x00000c68      0x120 ./kl_lib/uart.o
 .debug_frame   0x00000d88      0x180 ./lcd1200.o
 .debug_frame   0x00000f08      0x158 ./main.o
 .debug_frame   0x00001060       0x2c c:/ostrannastudio/tools/gcc/bin/../lib/gcc/arm-none-eabi/4.8.3/../../../../arm-none-eabi/lib/armv7-m\libg.a(lib_a-memset.o)
